Archive member included to satisfy reference by file (symbol)

app/libapp.a(main.c.obj)      (--whole-archive)
app/libapp.a(idma_buffer.c.obj)
                              (--whole-archive)
zephyr/libzephyr.a(validate_libc.c.obj)
                              (--whole-archive)
zephyr/libzephyr.a(heap.c.obj)
                              (--whole-archive)
zephyr/libzephyr.a(cbprintf_packaged.c.obj)
                              (--whole-archive)
zephyr/libzephyr.a(clock.c.obj)
                              (--whole-archive)
zephyr/libzephyr.a(printk.c.obj)
                              (--whole-archive)
zephyr/libzephyr.a(sem.c.obj)
                              (--whole-archive)
zephyr/libzephyr.a(thread_entry.c.obj)
                              (--whole-archive)
zephyr/libzephyr.a(cbprintf_complete.c.obj)
                              (--whole-archive)
zephyr/libzephyr.a(assert.c.obj)
                              (--whole-archive)
zephyr/libzephyr.a(mpsc_pbuf.c.obj)
                              (--whole-archive)
zephyr/libzephyr.a(dec.c.obj)
                              (--whole-archive)
zephyr/libzephyr.a(hex.c.obj)
                              (--whole-archive)
zephyr/libzephyr.a(rb.c.obj)  (--whole-archive)
zephyr/libzephyr.a(timeutil.c.obj)
                              (--whole-archive)
zephyr/libzephyr.a(bitarray.c.obj)
                              (--whole-archive)
zephyr/libzephyr.a(bitmask.c.obj)
                              (--whole-archive)
zephyr/libzephyr.a(getopt.c.obj)
                              (--whole-archive)
zephyr/libzephyr.a(getopt_common.c.obj)
                              (--whole-archive)
zephyr/libzephyr.a(ring_buffer.c.obj)
                              (--whole-archive)
zephyr/libzephyr.a(last_section_id.c.obj)
                              (--whole-archive)
zephyr/libzephyr.a(configs.c.obj)
                              (--whole-archive)
zephyr/libzephyr.a(stm32cube_hal.c.obj)
                              (--whole-archive)
zephyr/libzephyr.a(soc_config.c.obj)
                              (--whole-archive)
zephyr/libzephyr.a(stm32_cache.c.obj)
                              (--whole-archive)
zephyr/libzephyr.a(stm32_backup_domain.c.obj)
                              (--whole-archive)
zephyr/libzephyr.a(soc.c.obj)
                              (--whole-archive)
zephyr/libzephyr.a(log_core.c.obj)
                              (--whole-archive)
zephyr/libzephyr.a(log_mgmt.c.obj)
                              (--whole-archive)
zephyr/libzephyr.a(log_cache.c.obj)
                              (--whole-archive)
zephyr/libzephyr.a(log_msg.c.obj)
                              (--whole-archive)
zephyr/libzephyr.a(log_output.c.obj)
                              (--whole-archive)
zephyr/libzephyr.a(log_backend_uart.c.obj)
                              (--whole-archive)
zephyr/libzephyr.a(mem_attr.c.obj)
                              (--whole-archive)
zephyr/libzephyr.a(tracing_none.c.obj)
                              (--whole-archive)
zephyr/libzephyr.a(disk_access.c.obj)
                              (--whole-archive)
zephyr/arch/common/libarch__common.a(sw_isr_common.c.obj)
                              (--whole-archive)
zephyr/arch/common/libarch__common.a(init.c.obj)
                              (--whole-archive)
zephyr/arch/common/libarch__common.a(xip.c.obj)
                              (--whole-archive)
zephyr/arch/arch/arm/core/libarch__arm__core.a(fatal.c.obj)
                              (--whole-archive)
zephyr/arch/arch/arm/core/libarch__arm__core.a(nmi.c.obj)
                              (--whole-archive)
zephyr/arch/arch/arm/core/libarch__arm__core.a(nmi_on_reset.S.obj)
                              (--whole-archive)
zephyr/arch/arch/arm/core/libarch__arm__core.a(tls.c.obj)
                              (--whole-archive)
zephyr/arch/arch/arm/core/cortex_m/libarch__arm__core__cortex_m.a(exc_exit.c.obj)
                              (--whole-archive)
zephyr/arch/arch/arm/core/cortex_m/libarch__arm__core__cortex_m.a(fault.c.obj)
                              (--whole-archive)
zephyr/arch/arch/arm/core/cortex_m/libarch__arm__core__cortex_m.a(fault_s.S.obj)
                              (--whole-archive)
zephyr/arch/arch/arm/core/cortex_m/libarch__arm__core__cortex_m.a(fpu.c.obj)
                              (--whole-archive)
zephyr/arch/arch/arm/core/cortex_m/libarch__arm__core__cortex_m.a(reset.S.obj)
                              (--whole-archive)
zephyr/arch/arch/arm/core/cortex_m/libarch__arm__core__cortex_m.a(scb.c.obj)
                              (--whole-archive)
zephyr/arch/arch/arm/core/cortex_m/libarch__arm__core__cortex_m.a(thread_abort.c.obj)
                              (--whole-archive)
zephyr/arch/arch/arm/core/cortex_m/libarch__arm__core__cortex_m.a(vector_table.S.obj)
                              (--whole-archive)
zephyr/arch/arch/arm/core/cortex_m/libarch__arm__core__cortex_m.a(swap_helper.S.obj)
[...]
Memory Configuration

Name             Origin             Length             Attributes
FLASH            0x0000000008000000 0x0000000000400000 xr
RAM              0x0000000020000000 0x0000000000270000 xw
SRAM0            0x0000000020000000 0x0000000000270000 rw
IDT_LIST         0x00000000ffff7fff 0x0000000000008000 xw
*default*        0x0000000000000000 0xffffffffffffffff

Linker script and memory map

                0x000000000800dcd8                vfprintf = __l_vfprintf
                0x0000000000000000                vfscanf = __l_vfscanf
LOAD zephyr/CMakeFiles/zephyr_pre0.dir/misc/empty_file.c.obj
LOAD zephyr/CMakeFiles/offsets.dir/./arch/arm/core/offsets/offsets.c.obj
LOAD app/libapp.a
LOAD zephyr/libzephyr.a
LOAD zephyr/arch/common/libarch__common.a
LOAD zephyr/arch/arch/arm/core/libarch__arm__core.a
LOAD zephyr/arch/arch/arm/core/cortex_m/libarch__arm__core__cortex_m.a
LOAD zephyr/arch/arch/arm/core/cortex_m/cmse/libarch__arm__core__cortex_m__cmse.a
LOAD zephyr/arch/arch/arm/core/mpu/libarch__arm__core__mpu.a
LOAD zephyr/lib/libc/picolibc/liblib__libc__picolibc.a
LOAD zephyr/lib/libc/common/liblib__libc__common.a
LOAD zephyr/lib/posix/c_lib_ext/liblib__posix__c_lib_ext.a
LOAD zephyr/lib/net_buf/liblib__net_buf.a
LOAD zephyr/subsys/fs/libsubsys__fs.a
LOAD zephyr/subsys/usb/device_next/libsubsys__usb__device_next.a
LOAD zephyr/drivers/disk/libdrivers__disk.a
LOAD zephyr/drivers/interrupt_controller/libdrivers__interrupt_controller.a
LOAD zephyr/drivers/usb/udc/libdrivers__usb__udc.a
LOAD zephyr/drivers/cache/libdrivers__cache.a
LOAD zephyr/drivers/clock_control/libdrivers__clock_control.a
LOAD zephyr/drivers/console/libdrivers__console.a
LOAD zephyr/drivers/gpio/libdrivers__gpio.a
LOAD zephyr/drivers/hwinfo/libdrivers__hwinfo.a
LOAD zephyr/drivers/pinctrl/libdrivers__pinctrl.a
LOAD zephyr/drivers/reset/libdrivers__reset.a
LOAD zephyr/drivers/serial/libdrivers__serial.a
LOAD zephyr/drivers/timer/libdrivers__timer.a
LOAD modules/fatfs/libmodules__fatfs.a
LOAD modules/hal_stm32/stm32cube/lib..__modules__hal__stm32__stm32cube.a
LOAD zephyr/kernel/libkernel.a
LOAD zephyr/arch/common/libisr_tables.a
LOAD c:\dev\stm32\zephyr-sdk-0.17.4\arm-zephyr-eabi\bin\../lib/gcc/../../picolibc/arm-zephyr-eabi/lib/thumb/v8-m.main/nofp\libc.a
LOAD c:/dev/stm32/zephyr-sdk-0.17.4/arm-zephyr-eabi/bin/../lib/gcc/arm-zephyr-eabi/12.2.0/thumb/v8-m.main/nofp\libgcc.a
                0x0000000000000020                _region_min_align = 0x20

.rel.plt        0x0000000008000000        0x0
 *(SORT_BY_ALIGNMENT(.rel.plt))
                [!provide]                        PROVIDE (__rel_iplt_start = .)
 *(SORT_BY_ALIGNMENT(.rel.iplt))
 .rel.iplt      0x0000000008000000        0x0 app/libapp.a(main.c.obj)
                [!provide]                        PROVIDE (__rel_iplt_end = .)

.rela.plt       0x0000000000000000        0x0
 *(SORT_BY_ALIGNMENT(.rela.plt))
                [!provide]                        PROVIDE (__rela_iplt_start = .)
 *(SORT_BY_ALIGNMENT(.rela.iplt))
                [!provide]                        PROVIDE (__rela_iplt_end = .)

.rel.dyn
 *(SORT_BY_ALIGNMENT(.rel.*))

.rela.dyn
 *(SORT_BY_ALIGNMENT(.rela.*))

/DISCARD/
 *(SORT_BY_ALIGNMENT(.plt))

/DISCARD/
 *(SORT_BY_ALIGNMENT(.iplt))
                0x0000000008000000                __rom_region_start = 0x8000000

rom_start       0x0000000008000000      0x26c
                0x0000000008000000                __rom_start_address = .
 FILL mask 0x00
                0x0000000008000000                . = (. + (0x0 - (. - __rom_start_address)))
                0x0000000008000000                . = ALIGN (0x4)
                0x0000000008000000                . = ALIGN (0x80)
                0x0000000008000000                . = ALIGN (0x400)
                0x0000000008000000                _vector_start = .
 *(SORT_BY_ALIGNMENT(.exc_vector_table))
 *(SORT_BY_ALIGNMENT(.exc_vector_table.*))
 .exc_vector_table._vector_table_section
                0x0000000008000000       0x40 zephyr/arch/arch/arm/core/cortex_m/libarch__arm__core__cortex_m.a(vector_table.S.obj)
                0x0000000008000000                _vector_table
 *(SORT_BY_ALIGNMENT(.vectors))
                0x000000000800026c                _vector_end = .
                0x0000000008000040                . = ALIGN (0x4)
 *(SORT_BY_ALIGNMENT(.gnu.linkonce.irq_vector_table*))
 .gnu.linkonce.irq_vector_table
                0x0000000008000040      0x22c zephyr/arch/common/libisr_tables.a(isr_tables.c.obj)
                0x0000000008000040                _irq_vector_table
                0x000000000800026c                _vector_end = .

text            0x000000000800026c    0x136ec
                0x000000000800026c                __text_region_start = .
 *(SORT_BY_ALIGNMENT(.text))
 .text          0x000000000800026c      0x21c c:/dev/stm32/zephyr-sdk-0.17.4/arm-zephyr-eabi/bin/../lib/gcc/arm-zephyr-eabi/12.2.0/thumb/v8-m.main/nofp\libgcc.a(_arm_addsubsf3.o)
                0x000000000800026c                __aeabi_frsub
                0x0000000008000274                __subsf3
                0x0000000008000274                __aeabi_fsub
                0x0000000008000278                __aeabi_fadd
                0x0000000008000278                __addsf3
                0x00000000080003d8                __aeabi_ui2f
                0x00000000080003d8                __floatunsisf
                0x00000000080003e0                __aeabi_i2f
                0x00000000080003e0                __floatsisf
                0x00000000080003fc                __aeabi_ul2f
                0x00000000080003fc                __floatundisf
                0x000000000800040c                __aeabi_l2f
                0x000000000800040c                __floatdisf
 .text          0x0000000008000488      0x2a0 c:/dev/stm32/zephyr-sdk-0.17.4/arm-zephyr-eabi/bin/../lib/gcc/arm-zephyr-eabi/12.2.0/thumb/v8-m.main/nofp\libgcc.a(_arm_muldivsf3.o)
                0x0000000008000488                __mulsf3
                0x0000000008000488                __aeabi_fmul
                0x00000000080005f0                __aeabi_fdiv
                0x00000000080005f0                __divsf3
 .text          0x0000000008000728       0x40 c:/dev/stm32/zephyr-sdk-0.17.4/arm-zephyr-eabi/bin/../lib/gcc/arm-zephyr-eabi/12.2.0/thumb/v8-m.main/nofp\libgcc.a(_arm_fixunssfsi.o)
                0x0000000008000728                __fixunssfsi
                0x0000000008000728                __aeabi_f2uiz
 .text          0x0000000008000768       0x30 c:/dev/stm32/zephyr-sdk-0.17.4/arm-zephyr-eabi/bin/../lib/gcc/arm-zephyr-eabi/12.2.0/thumb/v8-m.main/nofp\libgcc.a(_aeabi_uldivmod.o)
                0x0000000008000768                __aeabi_uldivmod
 .text          0x0000000008000798        0x4 c:/dev/stm32/zephyr-sdk-0.17.4/arm-zephyr-eabi/bin/../lib/gcc/arm-zephyr-eabi/12.2.0/thumb/v8-m.main/nofp\libgcc.a(_dvmd_tls.o)
                0x0000000008000798                __aeabi_idiv0
                0x0000000008000798                __aeabi_ldiv0
 .text          0x000000000800079c       0x14 c:\dev\stm32\zephyr-sdk-0.17.4\arm-zephyr-eabi\bin\../lib/gcc/../../picolibc/arm-zephyr-eabi/lib/thumb/v8-m.main/nofp\libc.a(strcmp.S.o)
                0x000000000800079c                strcmp
 .text          0x00000000080007b0       0x10 c:\dev\stm32\zephyr-sdk-0.17.4\arm-zephyr-eabi\bin\../lib/gcc/../../picolibc/arm-zephyr-eabi/lib/thumb/v8-m.main/nofp\libc.a(strcpy.S.o)
                0x00000000080007b0                strcpy
 .text          0x00000000080007c0       0x10 c:\dev\stm32\zephyr-sdk-0.17.4\arm-zephyr-eabi\bin\../lib/gcc/../../picolibc/arm-zephyr-eabi/lib/thumb/v8-m.main/nofp\libc.a(strlen.S.o)
                0x00000000080007c0                strlen
 .text          0x00000000080007d0      0x29c c:/dev/stm32/zephyr-sdk-0.17.4/arm-zephyr-eabi/bin/../lib/gcc/arm-zephyr-eabi/12.2.0/thumb/v8-m.main/nofp\libgcc.a(_udivmoddi4.o)
                0x00000000080007d0                __udivmoddi4
 *(SORT_BY_ALIGNMENT(.text.*))
 .text.early_disk_init.part.0
                0x0000000008000a6c       0xc0 app/libapp.a(main.c.obj)
 .text.early_disk_init
                0x0000000008000b2c       0x30 app/libapp.a(main.c.obj)
 .text.main     0x0000000008000b5c      0x110 app/libapp.a(main.c.obj)
                0x0000000008000b5c                main
 .text.cbvprintf_package
                0x0000000008000c6c      0x3a4 zephyr/libzephyr.a(cbprintf_packaged.c.obj)
                0x0000000008000c6c                cbvprintf_package
 .text.cbprintf_package_convert
                0x0000000008001010      0x3cc zephyr/libzephyr.a(cbprintf_packaged.c.obj)
                0x0000000008001010                cbprintf_package_convert
 .text.__printk_hook_install
                0x00000000080013dc        0xc zephyr/libzephyr.a(printk.c.obj)
                0x00000000080013dc                __printk_hook_install
 .text.z_thread_entry
                0x00000000080013e8       0x34 zephyr/libzephyr.a(thread_entry.c.obj)
                0x00000000080013e8                z_thread_entry
 .text.st_stm32_common_config
                0x000000000800141c       0x14 zephyr/libzephyr.a(soc_config.c.obj)
 .text.stm32_backup_domain_enable_access
                0x0000000008001430       0x3c zephyr/libzephyr.a(stm32_backup_domain.c.obj)
                0x0000000008001430                stm32_backup_domain_enable_access
 .text.stm32_backup_domain_disable_access
                0x000000000800146c       0x6c zephyr/libzephyr.a(stm32_backup_domain.c.obj)
                0x000000000800146c                stm32_backup_domain_disable_access
 .text.soc_early_init_hook
                0x00000000080014d8       0x50 zephyr/libzephyr.a(soc.c.obj)
                0x00000000080014d8                soc_early_init_hook
 .text.activate_foreach_backend
                0x0000000008001528       0x64 zephyr/libzephyr.a(log_core.c.obj)
 .text.enable_logger
                0x000000000800158c       0x5c zephyr/libzephyr.a(log_core.c.obj)
 .text.log_process_thread_timer_expiry_fn
                0x00000000080015e8        0xc zephyr/libzephyr.a(log_core.c.obj)
 .text.z_log_init
                0x00000000080015f4       0x94 zephyr/libzephyr.a(log_core.c.obj)
 .text.log_format_func_t_get
                0x0000000008001688        0xc zephyr/libzephyr.a(log_core.c.obj)
                0x0000000008001688                log_format_func_t_get
 .text.log_set_timestamp_func
                0x0000000008001694       0x20 zephyr/libzephyr.a(log_core.c.obj)
                0x0000000008001694                log_set_timestamp_func
 .text.z_log_notify_backend_enabled
                0x00000000080016b4       0x1c zephyr/libzephyr.a(log_core.c.obj)
                0x00000000080016b4                z_log_notify_backend_enabled
 .text.z_log_dropped
                0x00000000080016d0       0x3c zephyr/libzephyr.a(log_core.c.obj)
                0x00000000080016d0                z_log_dropped
 .text.z_log_dropped_read_and_clear
                0x000000000800170c       0x18 zephyr/libzephyr.a(log_core.c.obj)
                0x000000000800170c                z_log_dropped_read_and_clear
 .text.dropped_notify
                0x0000000008001724       0x30 zephyr/libzephyr.a(log_core.c.obj)
                0x0000000008001724                dropped_notify
 .text.z_log_msg_init
                0x0000000008001754       0x20 zephyr/libzephyr.a(log_core.c.obj)
                0x0000000008001754                z_log_msg_init
 .text.log_core_init
                0x0000000008001774       0x50 zephyr/libzephyr.a(log_core.c.obj)
                0x0000000008001774                log_core_init
 .text.z_log_msg_alloc
                0x00000000080017c4       0x10 zephyr/libzephyr.a(log_core.c.obj)
                0x00000000080017c4                z_log_msg_alloc
 .text.z_log_msg_local_claim
                0x00000000080017d4        0xc zephyr/libzephyr.a(log_core.c.obj)
                0x00000000080017d4                z_log_msg_local_claim
 .text.z_log_msg_free
                0x00000000080017e0       0x10 zephyr/libzephyr.a(log_core.c.obj)
                0x00000000080017e0                z_log_msg_free
 .text.z_log_msg_pending
                0x00000000080017f0        0xc zephyr/libzephyr.a(log_core.c.obj)
                0x00000000080017f0                z_log_msg_pending
 .text.z_impl_log_process
                0x00000000080017fc       0xac zephyr/libzephyr.a(log_core.c.obj)
                0x00000000080017fc                z_impl_log_process
 .text.z_impl_log_panic
                0x00000000080018a8       0x44 zephyr/libzephyr.a(log_core.c.obj)
                0x00000000080018a8                z_impl_log_panic
 .text.log_process_thread_func
                0x00000000080018ec       0xa4 zephyr/libzephyr.a(log_core.c.obj)
 .text.z_log_msg_post_finalize
                0x0000000008001990       0x78 zephyr/libzephyr.a(log_core.c.obj)
 .text.z_log_msg_commit
                0x0000000008001a08       0x24 zephyr/libzephyr.a(log_core.c.obj)
                0x0000000008001a08                z_log_msg_commit
 .text.log_source_name_get
                0x0000000008001a2c       0x1c zephyr/libzephyr.a(log_mgmt.c.obj)
                0x0000000008001a2c                log_source_name_get
 .text.z_impl_z_log_msg_static_create
                0x0000000008001a48      0x108 zephyr/libzephyr.a(log_msg.c.obj)
                0x0000000008001a48                z_impl_z_log_msg_static_create
 .text.z_log_msg_runtime_vcreate
                0x0000000008001b50       0xa0 zephyr/libzephyr.a(log_msg.c.obj)
                0x0000000008001b50                z_log_msg_runtime_vcreate
 .text.log_msg_get_source_id
                0x0000000008001bf0       0x18 zephyr/libzephyr.a(log_msg.c.obj)
                0x0000000008001bf0                log_msg_get_source_id
 .text.print_formatted
                0x0000000008001c08       0x24 zephyr/libzephyr.a(log_output.c.obj)
 .text.newline_print
                0x0000000008001c2c       0x1c zephyr/libzephyr.a(log_output.c.obj)
 .text.log_output_process
                0x0000000008001c48      0x2d4 zephyr/libzephyr.a(log_output.c.obj)
                0x0000000008001c48                log_output_process
 .text.log_output_dropped_process
                0x0000000008001f1c       0x58 zephyr/libzephyr.a(log_output.c.obj)
                0x0000000008001f1c                log_output_dropped_process
 .text.log_output_timestamp_freq_set
                0x0000000008001f74       0x2c zephyr/libzephyr.a(log_output.c.obj)
                0x0000000008001f74                log_output_timestamp_freq_set
 .text.char_out
                0x0000000008001fa0       0x24 zephyr/libzephyr.a(log_backend_uart.c.obj)
 .text.mem_attr_get_regions
                0x0000000008001fc4        0xc zephyr/libzephyr.a(mem_attr.c.obj)
                0x0000000008001fc4                mem_attr_get_regions
 .text.disk_access_get_di
                0x0000000008001fd0       0x64 zephyr/libzephyr.a(disk_access.c.obj)
                0x0000000008001fd0                disk_access_get_di
 .text.disk_access_ioctl
                0x0000000008002034       0xa8 zephyr/libzephyr.a(disk_access.c.obj)
                0x0000000008002034                disk_access_ioctl
 .text.disk_access_register
                0x00000000080020dc       0x9c zephyr/libzephyr.a(disk_access.c.obj)
                0x00000000080020dc                disk_access_register
 .text.arch_bss_zero
                0x0000000008002178       0x18 zephyr/arch/common/libarch__common.a(init.c.obj)
                0x0000000008002178                arch_bss_zero
 .text.arch_data_copy
                0x0000000008002190       0x38 zephyr/arch/common/libarch__common.a(xip.c.obj)
                0x0000000008002190                arch_data_copy
 .text.z_arm_fatal_error
                0x00000000080021c8       0xb8 zephyr/arch/arch/arm/core/libarch__arm__core.a(fatal.c.obj)
                0x00000000080021c8                z_arm_fatal_error
 .text.z_SysNmiOnReset
                0x0000000008002280        0x8 zephyr/arch/arch/arm/core/libarch__arm__core.a(nmi_on_reset.S.obj)
                0x0000000008002280                z_SysNmiOnReset
 .text.arch_tls_stack_setup
                0x0000000008002288       0x40 zephyr/arch/arch/arm/core/libarch__arm__core.a(tls.c.obj)
                0x0000000008002288                arch_tls_stack_setup
 .text._HandlerModeExit
                0x00000000080022c8       0x20 zephyr/arch/arch/arm/core/cortex_m/libarch__arm__core__cortex_m.a(exc_exit.c.obj)
                0x00000000080022c8                z_arm_int_exit
                0x00000000080022c8                z_arm_exc_exit
 .text.mem_manage_fault.constprop.0
                0x00000000080022e8       0xd0 zephyr/arch/arch/arm/core/cortex_m/libarch__arm__core__cortex_m.a(fault.c.obj)
 .text.usage_fault.constprop.0
                0x00000000080023b8       0xbc zephyr/arch/arch/arm/core/cortex_m/libarch__arm__core__cortex_m.a(fault.c.obj)
 .text.bus_fault.constprop.0
                0x0000000008002474       0xd0 zephyr/arch/arch/arm/core/cortex_m/libarch__arm__core__cortex_m.a(fault.c.obj)
 .text.z_arm_fault
                0x0000000008002544      0x1d0 zephyr/arch/arch/arm/core/cortex_m/libarch__arm__core__cortex_m.a(fault.c.obj)
                0x0000000008002544                z_arm_fault
 .text.z_arm_fault_init
                0x0000000008002714       0x20 zephyr/arch/arch/arm/core/cortex_m/libarch__arm__core__cortex_m.a(fault.c.obj)
                0x0000000008002714                z_arm_fault_init
 .text.__fault  0x0000000008002734       0x14 zephyr/arch/arch/arm/core/cortex_m/libarch__arm__core__cortex_m.a(fault_s.S.obj)
                0x0000000008002734                z_arm_usage_fault
                0x0000000008002734                z_arm_mpu_fault
                0x0000000008002734                z_arm_exc_spurious
                0x0000000008002734                z_arm_debug_monitor
                0x0000000008002734                z_arm_hard_fault
                0x0000000008002734                z_arm_bus_fault
 .text._reset_section
                0x0000000008002748       0x34 zephyr/arch/arch/arm/core/cortex_m/libarch__arm__core__cortex_m.a(reset.S.obj)
                0x0000000008002748                __start
                0x0000000008002748                z_arm_reset
 .text.z_impl_k_thread_abort
                0x000000000800277c       0x2c zephyr/arch/arch/arm/core/cortex_m/libarch__arm__core__cortex_m.a(thread_abort.c.obj)
                0x000000000800277c                z_impl_k_thread_abort
 .text.z_arm_pendsv
                0x00000000080027a8       0x60 zephyr/arch/arch/arm/core/cortex_m/libarch__arm__core__cortex_m.a(swap_helper.S.obj)
                0x00000000080027a8                z_arm_pendsv
 .text.z_arm_svc
                0x0000000008002808       0x24 zephyr/arch/arch/arm/core/cortex_m/libarch__arm__core__cortex_m.a(swap_helper.S.obj)
                0x0000000008002808                z_arm_svc
 .text.arm_irq_enable
                0x000000000800282c       0x1c zephyr/arch/arch/arm/core/cortex_m/libarch__arm__core__cortex_m.a(irq_manage.c.obj)
                0x000000000800282c                arm_irq_enable
 .text.arm_irq_disable
                0x0000000008002848       0x28 zephyr/arch/arch/arm/core/cortex_m/libarch__arm__core__cortex_m.a(irq_manage.c.obj)
                0x0000000008002848                arm_irq_disable
 .text.arm_irq_is_enabled
                0x0000000008002870       0x1c zephyr/arch/arch/arm/core/cortex_m/libarch__arm__core__cortex_m.a(irq_manage.c.obj)
                0x0000000008002870                arm_irq_is_enabled
 .text.arm_irq_priority_set
                0x000000000800288c       0x2c zephyr/arch/arch/arm/core/cortex_m/libarch__arm__core__cortex_m.a(irq_manage.c.obj)
                0x000000000800288c                arm_irq_priority_set
 .text.relocate_vector_table
                0x00000000080028b8       0x1c zephyr/arch/arch/arm/core/cortex_m/libarch__arm__core__cortex_m.a(prep_c.c.obj)
                0x00000000080028b8                relocate_vector_table
 .text.z_prep_c
                0x00000000080028d4       0x38 zephyr/arch/arch/arm/core/cortex_m/libarch__arm__core__cortex_m.a(prep_c.c.obj)
                0x00000000080028d4                z_prep_c
 .text.arch_new_thread
                0x000000000800290c       0x38 zephyr/arch/arch/arm/core/cortex_m/libarch__arm__core__cortex_m.a(thread.c.obj)
                0x000000000800290c                arch_new_thread
 .text.arch_switch_to_main_thread
                0x0000000008002944       0x40 zephyr/arch/arch/arm/core/cortex_m/libarch__arm__core__cortex_m.a(thread.c.obj)
                0x0000000008002944                arch_switch_to_main_thread
 .text.z_arm_cpu_idle_init
                0x0000000008002984        0xc zephyr/arch/arch/arm/core/cortex_m/libarch__arm__core__cortex_m.a(cpu_idle.c.obj)
                0x0000000008002984                z_arm_cpu_idle_init
 .text.z_arm_interrupt_init
                0x0000000008002990       0x18 zephyr/arch/arch/arm/core/cortex_m/libarch__arm__core__cortex_m.a(irq_init.c.obj)
                0x0000000008002990                z_arm_interrupt_init
 .text._isr_wrapper
                0x00000000080029a8       0x24 zephyr/arch/arch/arm/core/cortex_m/libarch__arm__core__cortex_m.a(isr_wrapper.c.obj)
                0x00000000080029a8                _isr_wrapper
 .text.z_arm_configure_static_mpu_regions
                0x00000000080029cc       0x38 zephyr/arch/arch/arm/core/mpu/libarch__arm__core__mpu.a(arm_core_mpu.c.obj)
                0x00000000080029cc                z_arm_configure_static_mpu_regions
 .text.region_init
                0x0000000008002a04       0x34 zephyr/arch/arch/arm/core/mpu/libarch__arm__core__mpu.a(arm_mpu.c.obj)
 .text.region_allocate_and_init
                0x0000000008002a38       0x38 zephyr/arch/arch/arm/core/mpu/libarch__arm__core__mpu.a(arm_mpu.c.obj)
 .text.mpu_configure_regions_and_partition.constprop.0
                0x0000000008002a70      0x164 zephyr/arch/arch/arm/core/mpu/libarch__arm__core__mpu.a(arm_mpu.c.obj)
 .text.arm_core_mpu_enable
                0x0000000008002bd4       0x18 zephyr/arch/arch/arm/core/mpu/libarch__arm__core__mpu.a(arm_mpu.c.obj)
                0x0000000008002bd4                arm_core_mpu_enable
 .text.arm_core_mpu_disable
                0x0000000008002bec       0x14 zephyr/arch/arch/arm/core/mpu/libarch__arm__core__mpu.a(arm_mpu.c.obj)
                0x0000000008002bec                arm_core_mpu_disable
 .text.arm_core_mpu_configure_static_mpu_regions
                0x0000000008002c00       0x14 zephyr/arch/arch/arm/core/mpu/libarch__arm__core__mpu.a(arm_mpu.c.obj)
                0x0000000008002c00                arm_core_mpu_configure_static_mpu_regions
 .text.arm_core_mpu_mark_areas_for_dynamic_regions
                0x0000000008002c14       0xb8 zephyr/arch/arch/arm/core/mpu/libarch__arm__core__mpu.a(arm_mpu.c.obj)
                0x0000000008002c14                arm_core_mpu_mark_areas_for_dynamic_regions
 .text.z_arm_mpu_init
                0x0000000008002ccc      0x144 zephyr/arch/arch/arm/core/mpu/libarch__arm__core__mpu.a(arm_mpu.c.obj)
                0x0000000008002ccc                z_arm_mpu_init
 .text.cbvprintf
                0x0000000008002e10       0x38 zephyr/lib/libc/picolibc/liblib__libc__picolibc.a(cbprintf.c.obj)
                0x0000000008002e10                cbvprintf
 .text.z_impl_zephyr_fputc
                0x0000000008002e48       0x10 zephyr/lib/libc/picolibc/liblib__libc__picolibc.a(stdio.c.obj)
                0x0000000008002e48                z_impl_zephyr_fputc
 .text.__stdout_hook_install
                0x0000000008002e58       0x18 zephyr/lib/libc/picolibc/liblib__libc__picolibc.a(stdio.c.obj)
                0x0000000008002e58                __stdout_hook_install
 .text.malloc_prepare
                0x0000000008002e70       0x1c zephyr/lib/libc/common/liblib__libc__common.a(malloc.c.obj)
 .text.net_buf_destroy
                0x0000000008002e8c       0x3c zephyr/lib/net_buf/liblib__net_buf.a(buf.c.obj)
 .text.net_buf_pool_get
                0x0000000008002ec8       0x10 zephyr/lib/net_buf/liblib__net_buf.a(buf.c.obj)
                0x0000000008002ec8                net_buf_pool_get
 .text.net_buf_id
                0x0000000008002ed8       0x20 zephyr/lib/net_buf/liblib__net_buf.a(buf.c.obj)
                0x0000000008002ed8                net_buf_id
 .text.fixed_data_alloc
                0x0000000008002ef8       0x24 zephyr/lib/net_buf/liblib__net_buf.a(buf.c.obj)
 .text.net_buf_alloc_len
                0x0000000008002f1c       0xfc zephyr/lib/net_buf/liblib__net_buf.a(buf.c.obj)
                0x0000000008002f1c                net_buf_alloc_len
 .text.net_buf_unref
                0x0000000008003018       0x3c zephyr/lib/net_buf/liblib__net_buf.a(buf.c.obj)
                0x0000000008003018                net_buf_unref
 .text.registry_find
                0x0000000008003054       0x2c zephyr/subsys/fs/libsubsys__fs.a(fs.c.obj)
 .text.k_mutex_lock.constprop.0.isra.0
                0x0000000008003080       0x10 zephyr/subsys/fs/libsubsys__fs.a(fs.c.obj)
 .text.k_mutex_unlock.constprop.0.isra.0
                0x0000000008003090        0xc zephyr/subsys/fs/libsubsys__fs.a(fs.c.obj)
 .text.fs_register
                0x000000000800309c       0x50 zephyr/subsys/fs/libsubsys__fs.a(fs.c.obj)
                0x000000000800309c                fs_register
 .text.translate_error
                0x00000000080030ec       0x14 zephyr/subsys/fs/libsubsys__fs.a(fat_fs.c.obj)
 .text.fatfs_init
                0x0000000008003100        0xc zephyr/subsys/fs/libsubsys__fs.a(fat_fs.c.obj)
 .text.fatfs_mount
                0x000000000800310c       0x74 zephyr/subsys/fs/libsubsys__fs.a(fat_fs.c.obj)
 .text.fatfs_closedir
                0x0000000008003180       0x24 zephyr/subsys/fs/libsubsys__fs.a(fat_fs.c.obj)
 .text.fatfs_opendir
                0x00000000080031a4       0x50 zephyr/subsys/fs/libsubsys__fs.a(fat_fs.c.obj)
 .text.fatfs_close
                0x00000000080031f4       0x28 zephyr/subsys/fs/libsubsys__fs.a(fat_fs.c.obj)
 .text.fatfs_open
                0x000000000800321c       0x58 zephyr/subsys/fs/libsubsys__fs.a(fat_fs.c.obj)
 .text.fatfs_unmount
                0x0000000008003274       0x70 zephyr/subsys/fs/libsubsys__fs.a(fat_fs.c.obj)
 .text.usbd_init
                0x00000000080032e4       0x7c zephyr/subsys/usb/device_next/libsubsys__usb__device_next.a(usbd_device.c.obj)
                0x00000000080032e4                usbd_init
 .text.usbd_enable
                0x0000000008003360       0x8c zephyr/subsys/usb/device_next/libsubsys__usb__device_next.a(usbd_device.c.obj)
                0x0000000008003360                usbd_enable
 .text.nonstd_request
                0x00000000080033ec       0xa4 zephyr/subsys/usb/device_next/libsubsys__usb__device_next.a(usbd_ch9.c.obj)
 .text.sreq_get_desc_cfg
                0x0000000008003490      0x104 zephyr/subsys/usb/device_next/libsubsys__usb__device_next.a(usbd_ch9.c.obj)
 .text.usbd_handle_ctrl_xfer
                0x0000000008003594      0xb94 zephyr/subsys/usb/device_next/libsubsys__usb__device_next.a(usbd_ch9.c.obj)
                0x0000000008003594                usbd_handle_ctrl_xfer
 .text.usbd_event_carrier
                0x0000000008004128       0x48 zephyr/subsys/usb/device_next/libsubsys__usb__device_next.a(usbd_core.c.obj)
 .text.usbd_pre_init
                0x0000000008004170       0x94 zephyr/subsys/usb/device_next/libsubsys__usb__device_next.a(usbd_core.c.obj)
 .text.usbd_class_bcast_event.part.0
                0x0000000008004204       0x54 zephyr/subsys/usb/device_next/libsubsys__usb__device_next.a(usbd_core.c.obj)
 .text.usbd_thread
                0x0000000008004258      0x238 zephyr/subsys/usb/device_next/libsubsys__usb__device_next.a(usbd_core.c.obj)
 .text.usbd_device_init_core
                0x0000000008004490       0x44 zephyr/subsys/usb/device_next/libsubsys__usb__device_next.a(usbd_core.c.obj)
                0x0000000008004490                usbd_device_init_core
 .text.unassign_eps.constprop.0
                0x00000000080044d4       0xa4 zephyr/subsys/usb/device_next/libsubsys__usb__device_next.a(usbd_init.c.obj)
 .text.init_configuration
                0x0000000008004578      0x288 zephyr/subsys/usb/device_next/libsubsys__usb__device_next.a(usbd_init.c.obj)
 .text.usbd_init_configurations
                0x0000000008004800       0xb8 zephyr/subsys/usb/device_next/libsubsys__usb__device_next.a(usbd_init.c.obj)
                0x0000000008004800                usbd_init_configurations
 .text.usbd_config_get_current.part.0
                0x00000000080048b8       0x18 zephyr/subsys/usb/device_next/libsubsys__usb__device_next.a(usbd_config.c.obj)
 .text.usbd_config_set
                0x00000000080048d0       0xb0 zephyr/subsys/usb/device_next/libsubsys__usb__device_next.a(usbd_config.c.obj)
                0x00000000080048d0                usbd_config_set
 .text.usbd_add_configuration
                0x0000000008004980      0x184 zephyr/subsys/usb/device_next/libsubsys__usb__device_next.a(usbd_config.c.obj)
                0x0000000008004980                usbd_add_configuration
 .text.usbd_class_node_get
                0x0000000008004b04       0x8c zephyr/subsys/usb/device_next/libsubsys__usb__device_next.a(usbd_class.c.obj)
 .text.usbd_class_get_by_ep
                0x0000000008004b90       0x58 zephyr/subsys/usb/device_next/libsubsys__usb__device_next.a(usbd_class.c.obj)
                0x0000000008004b90                usbd_class_get_by_ep
 .text.usbd_register_class
                0x0000000008004be8       0xb8 zephyr/subsys/usb/device_next/libsubsys__usb__device_next.a(usbd_class.c.obj)
                0x0000000008004be8                usbd_register_class
 .text.usbd_register_all_classes
                0x0000000008004ca0       0xe4 zephyr/subsys/usb/device_next/libsubsys__usb__device_next.a(usbd_class.c.obj)
                0x0000000008004ca0                usbd_register_all_classes
 .text.usbd_interface_modify
                0x0000000008004d84      0x124 zephyr/subsys/usb/device_next/libsubsys__usb__device_next.a(usbd_interface.c.obj)
 .text.usbd_interface_set
                0x0000000008004ea8       0xac zephyr/subsys/usb/device_next/libsubsys__usb__device_next.a(usbd_interface.c.obj)
                0x0000000008004ea8                usbd_interface_set
 .text.usbd_ep_ctrl_enqueue
                0x0000000008004f54       0x90 zephyr/subsys/usb/device_next/libsubsys__usb__device_next.a(usbd_endpoint.c.obj)
                0x0000000008004f54                usbd_ep_ctrl_enqueue
 .text.usbd_ep_set_halt
                0x0000000008004fe4       0x44 zephyr/subsys/usb/device_next/libsubsys__usb__device_next.a(usbd_endpoint.c.obj)
                0x0000000008004fe4                usbd_ep_set_halt
 .text.usbd_ep_clear_halt
                0x0000000008005028       0x34 zephyr/subsys/usb/device_next/libsubsys__usb__device_next.a(usbd_endpoint.c.obj)
                0x0000000008005028                usbd_ep_clear_halt
 .text.msg_work_handler
                0x000000000800505c       0x90 zephyr/subsys/usb/device_next/libsubsys__usb__device_next.a(usbd_msg.c.obj)
 .text.usbd_msg_pub
                0x00000000080050ec       0x70 zephyr/subsys/usb/device_next/libsubsys__usb__device_next.a(usbd_msg.c.obj)
 .text.msc_buf_alloc_data
                0x000000000800515c       0x28 zephyr/subsys/usb/device_next/libsubsys__usb__device_next.a(usbd_msc.c.obj)
 .text.msc_bot_schedule_reset
                0x0000000008005184       0x24 zephyr/subsys/usb/device_next/libsubsys__usb__device_next.a(usbd_msc.c.obj)
 .text.msc_bot_control_to_dev
                0x00000000080051a8       0x2c zephyr/subsys/usb/device_next/libsubsys__usb__device_next.a(usbd_msc.c.obj)
 .text.msc_bot_control_to_host
                0x00000000080051d4       0x48 zephyr/subsys/usb/device_next/libsubsys__usb__device_next.a(usbd_msc.c.obj)
 .text.msc_bot_request_handler
                0x000000000800521c       0x24 zephyr/subsys/usb/device_next/libsubsys__usb__device_next.a(usbd_msc.c.obj)
 .text.msc_bot_disable
                0x0000000008005240       0x2c zephyr/subsys/usb/device_next/libsubsys__usb__device_next.a(usbd_msc.c.obj)
 .text.msc_bot_init
                0x000000000800526c       0x94 zephyr/subsys/usb/device_next/libsubsys__usb__device_next.a(usbd_msc.c.obj)
 .text.msc_bot_enable
                0x0000000008005300       0x38 zephyr/subsys/usb/device_next/libsubsys__usb__device_next.a(usbd_msc.c.obj)
 .text.msc_queue_bulk_in_ep
                0x0000000008005338       0x68 zephyr/subsys/usb/device_next/libsubsys__usb__device_next.a(usbd_msc.c.obj)
 .text.msc_queue_write
                0x00000000080053a0       0xb4 zephyr/subsys/usb/device_next/libsubsys__usb__device_next.a(usbd_msc.c.obj)
 .text.usbd_msc_thread
                0x0000000008005454      0x568 zephyr/subsys/usb/device_next/libsubsys__usb__device_next.a(usbd_msc.c.obj)
 .text.fill_vpd_page
                0x00000000080059bc       0x64 zephyr/subsys/usb/device_next/libsubsys__usb__device_next.a(usbd_msc_scsi.c.obj)
 .text.validate_transfer_length.isra.0
                0x0000000008005a20       0x4c zephyr/subsys/usb/device_next/libsubsys__usb__device_next.a(usbd_msc_scsi.c.obj)
 .text.store_write_10
                0x0000000008005a6c       0xa4 zephyr/subsys/usb/device_next/libsubsys__usb__device_next.a(usbd_msc_scsi.c.obj)
 .text.fill_read_10
                0x0000000008005b10       0xd8 zephyr/subsys/usb/device_next/libsubsys__usb__device_next.a(usbd_msc_scsi.c.obj)
 .text.update_disk_info
                0x0000000008005be8      0x100 zephyr/subsys/usb/device_next/libsubsys__usb__device_next.a(usbd_msc_scsi.c.obj)
 .text.scsi_usb_boot_cmd_len
                0x0000000008005ce8       0x3c zephyr/subsys/usb/device_next/libsubsys__usb__device_next.a(usbd_msc_scsi.c.obj)
                0x0000000008005ce8                scsi_usb_boot_cmd_len
 .text.scsi_cmd
                0x0000000008005d24      0x660 zephyr/subsys/usb/device_next/libsubsys__usb__device_next.a(usbd_msc_scsi.c.obj)
                0x0000000008005d24                scsi_cmd
 .text.gpio_pin_interrupt_configure_dt
                0x0000000008006384       0x34 zephyr/drivers/disk/libdrivers__disk.a(sdmmc_stm32.c.obj)
 .text.stm32_sdmmc_card_present
                0x00000000080063b8       0x50 zephyr/drivers/disk/libdrivers__disk.a(sdmmc_stm32.c.obj)
 .text.stm32_sdmmc_access_deinit.part.0
                0x0000000008006408       0x1c zephyr/drivers/disk/libdrivers__disk.a(sdmmc_stm32.c.obj)
 .text.stm32_sdmmc_pwr_off.part.0
                0x0000000008006424       0x38 zephyr/drivers/disk/libdrivers__disk.a(sdmmc_stm32.c.obj)
 .text.stm32_sdmmc_access_deinit
                0x000000000800645c       0x48 zephyr/drivers/disk/libdrivers__disk.a(sdmmc_stm32.c.obj)
 .text.stm32_sdmmc_cd_handler
                0x00000000080064a4       0x78 zephyr/drivers/disk/libdrivers__disk.a(sdmmc_stm32.c.obj)
 .text.stm32_sdmmc_access_write
                0x000000000800651c       0x80 zephyr/drivers/disk/libdrivers__disk.a(sdmmc_stm32.c.obj)
 .text.stm32_sdmmc_access_read
                0x000000000800659c       0x80 zephyr/drivers/disk/libdrivers__disk.a(sdmmc_stm32.c.obj)
 .text.stm32_sdmmc_access_init
                0x000000000800661c      0x1e4 zephyr/drivers/disk/libdrivers__disk.a(sdmmc_stm32.c.obj)
 .text.disk_stm32_sdmmc_init
                0x0000000008006800       0x80 zephyr/drivers/disk/libdrivers__disk.a(sdmmc_stm32.c.obj)
 .text.stm32_exti_init
                0x0000000008006880       0x50 zephyr/drivers/interrupt_controller/libdrivers__interrupt_controller.a(intc_exti_stm32.c.obj)
 .text.stm32_exti_is_pending
                0x00000000080068d0       0x3c zephyr/drivers/interrupt_controller/libdrivers__interrupt_controller.a(intc_exti_stm32.c.obj)
                0x00000000080068d0                stm32_exti_is_pending
 .text.stm32_exti_clear_pending
                0x000000000800690c       0x38 zephyr/drivers/interrupt_controller/libdrivers__interrupt_controller.a(intc_exti_stm32.c.obj)
                0x000000000800690c                stm32_exti_clear_pending
 .text.stm32_intc_gpio_isr
                0x0000000008006944       0x4c zephyr/drivers/interrupt_controller/libdrivers__interrupt_controller.a(intc_gpio_stm32.c.obj)
 .text.stm32_fill_irq_table.constprop.0
                0x0000000008006990        0xc zephyr/drivers/interrupt_controller/libdrivers__interrupt_controller.a(intc_gpio_stm32.c.obj)
 .text.stm32_gpio_intc_enable_line
                0x000000000800699c       0x30 zephyr/drivers/interrupt_controller/libdrivers__interrupt_controller.a(intc_gpio_stm32.c.obj)
                0x000000000800699c                stm32_gpio_intc_enable_line
 .text.stm32_gpio_intc_disable_line
                0x00000000080069cc       0x14 zephyr/drivers/interrupt_controller/libdrivers__interrupt_controller.a(intc_gpio_stm32.c.obj)
                0x00000000080069cc                stm32_gpio_intc_disable_line
 .text.stm32_gpio_intc_select_line_trigger
                0x00000000080069e0       0x50 zephyr/drivers/interrupt_controller/libdrivers__interrupt_controller.a(intc_gpio_stm32.c.obj)
                0x00000000080069e0                stm32_gpio_intc_select_line_trigger
 .text.stm32_gpio_intc_set_irq_callback
                0x0000000008006a30       0x40 zephyr/drivers/interrupt_controller/libdrivers__interrupt_controller.a(intc_gpio_stm32.c.obj)
                0x0000000008006a30                stm32_gpio_intc_set_irq_callback
 .text.stm32_gpio_intc_remove_irq_callback
                0x0000000008006a70       0x24 zephyr/drivers/interrupt_controller/libdrivers__interrupt_controller.a(intc_gpio_stm32.c.obj)
                0x0000000008006a70                stm32_gpio_intc_remove_irq_callback
 .text.stm32_exti_get_line_src_port
                0x0000000008006a94       0x24 zephyr/drivers/interrupt_controller/libdrivers__interrupt_controller.a(intc_gpio_stm32.c.obj)
                0x0000000008006a94                stm32_exti_get_line_src_port
 .text.udc_set_suspended
                0x0000000008006ab8       0x84 zephyr/drivers/usb/udc/libdrivers__usb__udc.a(udc_common.c.obj)
                0x0000000008006ab8                udc_set_suspended
 .text.udc_ep_enable_internal
                0x0000000008006b3c       0x88 zephyr/drivers/usb/udc/libdrivers__usb__udc.a(udc_common.c.obj)
                0x0000000008006b3c                udc_ep_enable_internal
 .text.udc_ep_disable_internal
                0x0000000008006bc4       0x54 zephyr/drivers/usb/udc/libdrivers__usb__udc.a(udc_common.c.obj)
                0x0000000008006bc4                udc_ep_disable_internal
 .text.udc_ep_dequeue
                0x0000000008006c18       0x60 zephyr/drivers/usb/udc/libdrivers__usb__udc.a(udc_common.c.obj)
                0x0000000008006c18                udc_ep_dequeue
 .text.udc_ep_buf_alloc
                0x0000000008006c78       0x54 zephyr/drivers/usb/udc/libdrivers__usb__udc.a(udc_common.c.obj)
                0x0000000008006c78                udc_ep_buf_alloc
 .text.udc_ctrl_update_stage
                0x0000000008006ccc       0xf8 zephyr/drivers/usb/udc/libdrivers__usb__udc.a(udc_common.c.obj)
                0x0000000008006ccc                udc_ctrl_update_stage
 .text.udc_stm32_ep_set_halt
                0x0000000008006dc4       0x44 zephyr/drivers/usb/udc/libdrivers__usb__udc.a(udc_stm32.c.obj)
 .text.udc_stm32_ep_mem_config
                0x0000000008006e08       0xa0 zephyr/drivers/usb/udc/libdrivers__usb__udc.a(udc_stm32.c.obj)
 .text.udc_stm32_enable
                0x0000000008006ea8       0xb0 zephyr/drivers/usb/udc/libdrivers__usb__udc.a(udc_stm32.c.obj)
 .text.udc_stm32_disable
                0x0000000008006f58       0x5c zephyr/drivers/usb/udc/libdrivers__usb__udc.a(udc_stm32.c.obj)
 .text.udc_stm32_host_wakeup
                0x0000000008006fb4       0x54 zephyr/drivers/usb/udc/libdrivers__usb__udc.a(udc_stm32.c.obj)
 .text.udc_stm32_shutdown
                0x0000000008007008       0x78 zephyr/drivers/usb/udc/libdrivers__usb__udc.a(udc_stm32.c.obj)
 .text.udc_stm32_driver_init0
                0x0000000008007080      0x21c zephyr/drivers/usb/udc/libdrivers__usb__udc.a(udc_stm32.c.obj)
 .text.udc_stm32_init
                0x000000000800729c      0x164 zephyr/drivers/usb/udc/libdrivers__usb__udc.a(udc_stm32.c.obj)
                0x000000000800729c                udc_stm32_init
 .text.udc_stm32_rx.isra.0
                0x0000000008007400       0x4c zephyr/drivers/usb/udc/libdrivers__usb__udc.a(udc_stm32.c.obj)
 .text.udc_stm32_ep_dequeue
                0x000000000800744c       0x4c zephyr/drivers/usb/udc/libdrivers__usb__udc.a(udc_stm32.c.obj)
 .text.udc_stm32_tx
                0x0000000008007498       0x7c zephyr/drivers/usb/udc/libdrivers__usb__udc.a(udc_stm32.c.obj)
 .text.udc_stm32_thread_handler
                0x0000000008007514      0x284 zephyr/drivers/usb/udc/libdrivers__usb__udc.a(udc_stm32.c.obj)
 .text.udc_stm32_ep_enable
                0x0000000008007798       0x58 zephyr/drivers/usb/udc/libdrivers__usb__udc.a(udc_stm32.c.obj)
 .text.udc_stm32_set_address
                0x00000000080077f0       0x30 zephyr/drivers/usb/udc/libdrivers__usb__udc.a(udc_stm32.c.obj)
 .text.udc_stm32_ep_disable
                0x0000000008007820       0x44 zephyr/drivers/usb/udc/libdrivers__usb__udc.a(udc_stm32.c.obj)
 .text.udc_stm32_ep_clear_halt
                0x0000000008007864       0x78 zephyr/drivers/usb/udc/libdrivers__usb__udc.a(udc_stm32.c.obj)
 .text.HAL_PCD_SetupStageCallback
                0x00000000080078dc       0x30 zephyr/drivers/usb/udc/libdrivers__usb__udc.a(udc_stm32.c.obj)
                0x00000000080078dc                HAL_PCD_SetupStageCallback
 .text.HAL_PCD_DataOutStageCallback
                0x000000000800790c       0x3c zephyr/drivers/usb/udc/libdrivers__usb__udc.a(udc_stm32.c.obj)
                0x000000000800790c                HAL_PCD_DataOutStageCallback
 .text.HAL_PCD_DataInStageCallback
                0x0000000008007948       0x38 zephyr/drivers/usb/udc/libdrivers__usb__udc.a(udc_stm32.c.obj)
                0x0000000008007948                HAL_PCD_DataInStageCallback
 .text.cache_data_manage_range
                0x0000000008007980       0x2c zephyr/drivers/cache/libdrivers__cache.a(cache_stm32.c.obj)
 .text.cache_instr_enable
                0x00000000080079ac       0x24 zephyr/drivers/cache/libdrivers__cache.a(cache_stm32.c.obj)
                0x00000000080079ac                cache_instr_enable
 .text.get_msis_frequency
                0x00000000080079d0       0x40 zephyr/drivers/clock_control/libdrivers__clock_control.a(clock_stm32_ll_u5.c.obj)
 .text.stm32_clock_control_init
                0x0000000008007a10      0x208 zephyr/drivers/clock_control/libdrivers__clock_control.a(clock_stm32_ll_u5.c.obj)
                0x0000000008007a10                stm32_clock_control_init
 .text.stm32_clock_control_get_subsys_rate
                0x0000000008007c18       0xe0 zephyr/drivers/clock_control/libdrivers__clock_control.a(clock_stm32_ll_u5.c.obj)
 .text.enabled_clock
                0x0000000008007cf8       0x20 zephyr/drivers/clock_control/libdrivers__clock_control.a(clock_stm32_ll_u5.c.obj)
                0x0000000008007cf8                enabled_clock
 .text.uart_console_init
                0x0000000008007d18       0x28 zephyr/drivers/console/libdrivers__console.a(uart_console.c.obj)
 .text.console_out
                0x0000000008007d40       0x28 zephyr/drivers/console/libdrivers__console.a(uart_console.c.obj)
 .text.gpio_stm32_pin_interrupt_configure
                0x0000000008007d68       0xb0 zephyr/drivers/gpio/libdrivers__gpio.a(gpio_stm32.c.obj)
 .text.gpio_stm32_init
                0x0000000008007e18       0x44 zephyr/drivers/gpio/libdrivers__gpio.a(gpio_stm32.c.obj)
 .text.z_impl_hwinfo_get_device_id
                0x0000000008007e5c       0x38 zephyr/drivers/hwinfo/libdrivers__hwinfo.a(hwinfo_stm32.c.obj)
                0x0000000008007e5c                z_impl_hwinfo_get_device_id
 .text.pinctrl_configure_pins
                0x0000000008007e94       0x84 zephyr/drivers/pinctrl/libdrivers__pinctrl.a(pinctrl_stm32.c.obj)
                0x0000000008007e94                pinctrl_configure_pins
 .text.uart_stm32_cfg2ll_stopbits
                0x0000000008007f18       0x4c zephyr/drivers/serial/libdrivers__serial.a(uart_stm32.c.obj)
 .text.lpuartdiv_calc
                0x0000000008007f64       0x30 zephyr/drivers/serial/libdrivers__serial.a(uart_stm32.c.obj)
                0x0000000008007f64                lpuartdiv_calc
 .text.uart_stm32_set_baudrate
                0x0000000008007f94      0x11c zephyr/drivers/serial/libdrivers__serial.a(uart_stm32.c.obj)
 .text.uart_stm32_configure
                0x00000000080080b0      0x144 zephyr/drivers/serial/libdrivers__serial.a(uart_stm32.c.obj)
 .text.uart_stm32_init
                0x00000000080081f4      0x218 zephyr/drivers/serial/libdrivers__serial.a(uart_stm32.c.obj)
 .text.elapsed  0x000000000800840c       0x4c zephyr/drivers/timer/libdrivers__timer.a(cortex_m_systick.c.obj)
 .text.sys_clock_driver_init
                0x0000000008008458       0x38 zephyr/drivers/timer/libdrivers__timer.a(cortex_m_systick.c.obj)
 .text.sys_clock_isr
                0x0000000008008490       0x60 zephyr/drivers/timer/libdrivers__timer.a(cortex_m_systick.c.obj)
                0x0000000008008490                sys_clock_isr
 .text.sys_clock_set_timeout
                0x00000000080084f0       0xfc zephyr/drivers/timer/libdrivers__timer.a(cortex_m_systick.c.obj)
                0x00000000080084f0                sys_clock_set_timeout
 .text.sys_clock_elapsed
                0x00000000080085ec       0x3c zephyr/drivers/timer/libdrivers__timer.a(cortex_m_systick.c.obj)
                0x00000000080085ec                sys_clock_elapsed
 .text.get_ldnumber
                0x0000000008008628       0x70 modules/fatfs/libmodules__fatfs.a(ff.c.obj)
 .text.check_fs
                0x0000000008008698       0xc0 modules/fatfs/libmodules__fatfs.a(ff.c.obj)
 .text.mount_volume
                0x0000000008008758      0x22c modules/fatfs/libmodules__fatfs.a(ff.c.obj)
 .text.follow_path
                0x0000000008008984      0x178 modules/fatfs/libmodules__fatfs.a(ff.c.obj)
 .text.f_mount  0x0000000008008afc       0x50 modules/fatfs/libmodules__fatfs.a(ff.c.obj)
                0x0000000008008afc                f_mount
 .text.f_mkfs   0x0000000008008b4c      0x714 modules/fatfs/libmodules__fatfs.a(ff.c.obj)
                0x0000000008008b4c                f_mkfs
 .text.disk_status
                0x0000000008009260       0x14 modules/fatfs/libmodules__fatfs.a(zfs_diskio.c.obj)
                0x0000000008009260                disk_status
 .text.disk_read
                0x0000000008009274       0x14 modules/fatfs/libmodules__fatfs.a(zfs_diskio.c.obj)
                0x0000000008009274                disk_read
 .text.disk_write
                0x0000000008009288       0x14 modules/fatfs/libmodules__fatfs.a(zfs_diskio.c.obj)
                0x0000000008009288                disk_write
 .text.disk_ioctl
                0x000000000800929c       0x64 modules/fatfs/libmodules__fatfs.a(zfs_diskio.c.obj)
                0x000000000800929c                disk_ioctl
 .text.HAL_SYSCFG_EnableOTGPHY
                0x0000000008009300       0x14 modules/hal_stm32/stm32cube/lib..__modules__hal__stm32__stm32cube.a(stm32u5xx_hal.c.obj)
                0x0000000008009300                HAL_SYSCFG_EnableOTGPHY
 .text.HAL_SYSCFG_SetOTGPHYReferenceClockSelection
                0x0000000008009314       0x14 modules/hal_stm32/stm32cube/lib..__modules__hal__stm32__stm32cube.a(stm32u5xx_hal.c.obj)
                0x0000000008009314                HAL_SYSCFG_SetOTGPHYReferenceClockSelection
 .text.HAL_RCC_GetSysClockFreq
                0x0000000008009328      0x144 modules/hal_stm32/stm32cube/lib..__modules__hal__stm32__stm32cube.a(stm32u5xx_hal_rcc.c.obj)
                0x0000000008009328                HAL_RCC_GetSysClockFreq
 .text.HAL_RCC_GetHCLKFreq
                0x000000000800946c       0x28 modules/hal_stm32/stm32cube/lib..__modules__hal__stm32__stm32cube.a(stm32u5xx_hal_rcc.c.obj)
                0x000000000800946c                HAL_RCC_GetHCLKFreq
 .text.HAL_RCC_GetPCLK1Freq
                0x0000000008009494       0x20 modules/hal_stm32/stm32cube/lib..__modules__hal__stm32__stm32cube.a(stm32u5xx_hal_rcc.c.obj)
                0x0000000008009494                HAL_RCC_GetPCLK1Freq
 .text.HAL_RCC_GetPCLK2Freq
                0x00000000080094b4       0x20 modules/hal_stm32/stm32cube/lib..__modules__hal__stm32__stm32cube.a(stm32u5xx_hal_rcc.c.obj)
                0x00000000080094b4                HAL_RCC_GetPCLK2Freq
 .text.HAL_RCC_GetPCLK3Freq
                0x00000000080094d4       0x20 modules/hal_stm32/stm32cube/lib..__modules__hal__stm32__stm32cube.a(stm32u5xx_hal_rcc.c.obj)
                0x00000000080094d4                HAL_RCC_GetPCLK3Freq
 .text.HAL_RCCEx_GetPLL1ClockFreq
                0x00000000080094f4      0x160 modules/hal_stm32/stm32cube/lib..__modules__hal__stm32__stm32cube.a(stm32u5xx_hal_rcc_ex.c.obj)
                0x00000000080094f4                HAL_RCCEx_GetPLL1ClockFreq
 .text.HAL_RCCEx_GetPLL2ClockFreq
                0x0000000008009654      0x160 modules/hal_stm32/stm32cube/lib..__modules__hal__stm32__stm32cube.a(stm32u5xx_hal_rcc_ex.c.obj)
                0x0000000008009654                HAL_RCCEx_GetPLL2ClockFreq
 .text.HAL_RCCEx_GetPLL3ClockFreq
                0x00000000080097b4      0x160 modules/hal_stm32/stm32cube/lib..__modules__hal__stm32__stm32cube.a(stm32u5xx_hal_rcc_ex.c.obj)
                0x00000000080097b4                HAL_RCCEx_GetPLL3ClockFreq
 .text.HAL_RCCEx_GetPeriphCLKFreq
                0x0000000008009914      0xee0 modules/hal_stm32/stm32cube/lib..__modules__hal__stm32__stm32cube.a(stm32u5xx_hal_rcc_ex.c.obj)
                0x0000000008009914                HAL_RCCEx_GetPeriphCLKFreq
 .text.HAL_PCD_IRQHandler
                0x000000000800a7f4      0x6d8 modules/hal_stm32/stm32cube/lib..__modules__hal__stm32__stm32cube.a(stm32u5xx_hal_pcd.c.obj)
                0x000000000800a7f4                HAL_PCD_IRQHandler
 .text.SD_FindSCR.constprop.0
                0x000000000800aecc       0xcc modules/hal_stm32/stm32cube/lib..__modules__hal__stm32__stm32cube.a(stm32u5xx_hal_sd.c.obj)
 .text.HAL_SD_ReadBlocks_IT
                0x000000000800af98       0xcc modules/hal_stm32/stm32cube/lib..__modules__hal__stm32__stm32cube.a(stm32u5xx_hal_sd.c.obj)
                0x000000000800af98                HAL_SD_ReadBlocks_IT
 .text.HAL_SD_WriteBlocks_IT
                0x000000000800b064       0xc8 modules/hal_stm32/stm32cube/lib..__modules__hal__stm32__stm32cube.a(stm32u5xx_hal_sd.c.obj)
                0x000000000800b064                HAL_SD_WriteBlocks_IT
 .text.HAL_SD_GetCardCSD
                0x000000000800b12c      0x1b0 modules/hal_stm32/stm32cube/lib..__modules__hal__stm32__stm32cube.a(stm32u5xx_hal_sd.c.obj)
                0x000000000800b12c                HAL_SD_GetCardCSD
 .text.HAL_SD_InitCard
                0x000000000800b2dc      0x234 modules/hal_stm32/stm32cube/lib..__modules__hal__stm32__stm32cube.a(stm32u5xx_hal_sd.c.obj)
                0x000000000800b2dc                HAL_SD_InitCard
 .text.HAL_SD_GetCardStatus
                0x000000000800b510      0x18c modules/hal_stm32/stm32cube/lib..__modules__hal__stm32__stm32cube.a(stm32u5xx_hal_sd.c.obj)
                0x000000000800b510                HAL_SD_GetCardStatus
 .text.HAL_SD_ConfigWideBusOperation
                0x000000000800b69c      0x170 modules/hal_stm32/stm32cube/lib..__modules__hal__stm32__stm32cube.a(stm32u5xx_hal_sd.c.obj)
                0x000000000800b69c                HAL_SD_ConfigWideBusOperation
 .text.HAL_SD_IRQHandler
                0x000000000800b80c      0x24c modules/hal_stm32/stm32cube/lib..__modules__hal__stm32__stm32cube.a(stm32u5xx_hal_sd.c.obj)
                0x000000000800b80c                HAL_SD_IRQHandler
 .text.SDMMC_Init
                0x000000000800ba58       0x34 modules/hal_stm32/stm32cube/lib..__modules__hal__stm32__stm32cube.a(stm32u5xx_ll_sdmmc.c.obj)
                0x000000000800ba58                SDMMC_Init
 .text.SDMMC_SendCommand
                0x000000000800ba8c       0x28 modules/hal_stm32/stm32cube/lib..__modules__hal__stm32__stm32cube.a(stm32u5xx_ll_sdmmc.c.obj)
                0x000000000800ba8c                SDMMC_SendCommand
 .text.SDMMC_CmdGoIdleState
                0x000000000800bab4       0x50 modules/hal_stm32/stm32cube/lib..__modules__hal__stm32__stm32cube.a(stm32u5xx_ll_sdmmc.c.obj)
                0x000000000800bab4                SDMMC_CmdGoIdleState
 .text.SDMMC_GetCmdResp1
                0x000000000800bb04      0x124 modules/hal_stm32/stm32cube/lib..__modules__hal__stm32__stm32cube.a(stm32u5xx_ll_sdmmc.c.obj)
                0x000000000800bb04                SDMMC_GetCmdResp1
 .text.SDMMC_CmdStopTransfer
                0x000000000800bc28       0x54 modules/hal_stm32/stm32cube/lib..__modules__hal__stm32__stm32cube.a(stm32u5xx_ll_sdmmc.c.obj)
                0x000000000800bc28                SDMMC_CmdStopTransfer
 .text.SDMMC_GetCmdResp2
                0x000000000800bc7c       0x50 modules/hal_stm32/stm32cube/lib..__modules__hal__stm32__stm32cube.a(stm32u5xx_ll_sdmmc.c.obj)
                0x000000000800bc7c                SDMMC_GetCmdResp2
 .text.SDMMC_GetCmdResp3
                0x000000000800bccc       0x44 modules/hal_stm32/stm32cube/lib..__modules__hal__stm32__stm32cube.a(stm32u5xx_ll_sdmmc.c.obj)
                0x000000000800bccc                SDMMC_GetCmdResp3
 .text.SDMMC_GetCmdResp6
                0x000000000800bd10       0x84 modules/hal_stm32/stm32cube/lib..__modules__hal__stm32__stm32cube.a(stm32u5xx_ll_sdmmc.c.obj)
                0x000000000800bd10                SDMMC_GetCmdResp6
 .text.SDMMC_GetCmdResp7
                0x000000000800bd94       0x54 modules/hal_stm32/stm32cube/lib..__modules__hal__stm32__stm32cube.a(stm32u5xx_ll_sdmmc.c.obj)
                0x000000000800bd94                SDMMC_GetCmdResp7
 .text.USB_SetTurnaroundTime
                0x000000000800bde8       0xe0 modules/hal_stm32/stm32cube/lib..__modules__hal__stm32__stm32cube.a(stm32u5xx_ll_usb.c.obj)
                0x000000000800bde8                USB_SetTurnaroundTime
 .text.USB_DevInit
                0x000000000800bec8      0x198 modules/hal_stm32/stm32cube/lib..__modules__hal__stm32__stm32cube.a(stm32u5xx_ll_usb.c.obj)
                0x000000000800bec8                USB_DevInit
 .text.USB_DeactivateEndpoint
                0x000000000800c060       0xc0 modules/hal_stm32/stm32cube/lib..__modules__hal__stm32__stm32cube.a(stm32u5xx_ll_usb.c.obj)
                0x000000000800c060                USB_DeactivateEndpoint
 .text.USB_EPStartXfer
                0x000000000800c120      0x1c8 modules/hal_stm32/stm32cube/lib..__modules__hal__stm32__stm32cube.a(stm32u5xx_ll_usb.c.obj)
                0x000000000800c120                USB_EPStartXfer
 .text.USB_EP0_OutStart
                0x000000000800c2e8       0x4c modules/hal_stm32/stm32cube/lib..__modules__hal__stm32__stm32cube.a(stm32u5xx_ll_usb.c.obj)
                0x000000000800c2e8                USB_EP0_OutStart
 .text.LL_SetFlashLatency
                0x000000000800c334      0x104 modules/hal_stm32/stm32cube/lib..__modules__hal__stm32__stm32cube.a(stm32u5xx_ll_utils.c.obj)
                0x000000000800c334                LL_SetFlashLatency
 .text.k_sys_fatal_error_handler
                0x000000000800c438       0x20 zephyr/kernel/libkernel.a(fatal.c.obj)
                0x000000000800c438                k_sys_fatal_error_handler
 .text.z_fatal_error
                0x000000000800c458       0xe8 zephyr/kernel/libkernel.a(fatal.c.obj)
                0x000000000800c458                z_fatal_error
 .text.z_sys_init_run_level
                0x000000000800c540       0x30 zephyr/kernel/libkernel.a(init.c.obj)
 .text.bg_thread_main
                0x000000000800c570       0xc0 zephyr/kernel/libkernel.a(init.c.obj)
 .text.z_init_cpu
                0x000000000800c630       0x68 zephyr/kernel/libkernel.a(init.c.obj)
                0x000000000800c630                z_init_cpu
 .text.z_cstart
                0x000000000800c698       0xd0 zephyr/kernel/libkernel.a(init.c.obj)
                0x000000000800c698                z_cstart
 .text.statics_init
                0x000000000800c768       0x24 zephyr/kernel/libkernel.a(kheap.c.obj)
 .text.k_heap_aligned_alloc
                0x000000000800c78c       0x1c zephyr/kernel/libkernel.a(kheap.c.obj)
                0x000000000800c78c                k_heap_aligned_alloc
 .text.init_mem_slab_obj_core_list
                0x000000000800c7a8       0x24 zephyr/kernel/libkernel.a(mem_slab.c.obj)
 .text.k_mem_slab_alloc
                0x000000000800c7cc       0x5c zephyr/kernel/libkernel.a(mem_slab.c.obj)
                0x000000000800c7cc                k_mem_slab_alloc
 .text.put_msg_in_queue
                0x000000000800c828       0xd4 zephyr/kernel/libkernel.a(msg_q.c.obj)
 .text.z_impl_k_msgq_get
                0x000000000800c8fc       0xc4 zephyr/kernel/libkernel.a(msg_q.c.obj)
                0x000000000800c8fc                z_impl_k_msgq_get
 .text.z_impl_k_mutex_lock
                0x000000000800c9c0       0xf0 zephyr/kernel/libkernel.a(mutex.c.obj)
                0x000000000800c9c0                z_impl_k_mutex_lock
 .text.z_impl_k_mutex_unlock
                0x000000000800cab0       0xa0 zephyr/kernel/libkernel.a(mutex.c.obj)
                0x000000000800cab0                z_impl_k_mutex_unlock
 .text.z_impl_k_queue_get
                0x000000000800cb50       0x64 zephyr/kernel/libkernel.a(queue.c.obj)
                0x000000000800cb50                z_impl_k_queue_get
 .text.z_impl_k_sem_give
                0x000000000800cbb4       0x68 zephyr/kernel/libkernel.a(sem.c.obj)
                0x000000000800cbb4                z_impl_k_sem_give
 .text.z_impl_k_sem_take
                0x000000000800cc1c       0x4c zephyr/kernel/libkernel.a(sem.c.obj)
                0x000000000800cc1c                z_impl_k_sem_take
 .text.work_queue_main
                0x000000000800cc68      0x14c zephyr/kernel/libkernel.a(work.c.obj)
 .text.submit_to_queue_locked
                0x000000000800cdb4       0xb8 zephyr/kernel/libkernel.a(work.c.obj)
 .text.k_work_submit
                0x000000000800ce6c        0xc zephyr/kernel/libkernel.a(work.c.obj)
                0x000000000800ce6c                k_work_submit
 .text.k_work_queue_start
                0x000000000800ce78       0x80 zephyr/kernel/libkernel.a(work.c.obj)
                0x000000000800ce78                k_work_queue_start
 .text.k_work_schedule_for_queue
                0x000000000800cef8       0x54 zephyr/kernel/libkernel.a(work.c.obj)
                0x000000000800cef8                k_work_schedule_for_queue
 .text.k_work_schedule
                0x000000000800cf4c        0xc zephyr/kernel/libkernel.a(work.c.obj)
                0x000000000800cf4c                k_work_schedule
 .text.k_work_reschedule_for_queue
                0x000000000800cf58       0x5c zephyr/kernel/libkernel.a(work.c.obj)
                0x000000000800cf58                k_work_reschedule_for_queue
 .text.k_work_reschedule
                0x000000000800cfb4        0xc zephyr/kernel/libkernel.a(work.c.obj)
                0x000000000800cfb4                k_work_reschedule
 .text.z_setup_new_thread
                0x000000000800cfc0       0x7c zephyr/kernel/libkernel.a(thread.c.obj)
                0x000000000800cfc0                z_setup_new_thread
 .text.z_impl_k_thread_create
                0x000000000800d03c       0x58 zephyr/kernel/libkernel.a(thread.c.obj)
                0x000000000800d03c                z_impl_k_thread_create
 .text.z_dummy_thread_init
                0x000000000800d094       0x18 zephyr/kernel/libkernel.a(thread.c.obj)
                0x000000000800d094                z_dummy_thread_init
 .text.z_swap_irqlock
                0x000000000800d0ac       0x30 zephyr/kernel/libkernel.a(sched.c.obj)
 .text.ready_thread
                0x000000000800d0dc       0x84 zephyr/kernel/libkernel.a(sched.c.obj)
 .text.unready_thread
                0x000000000800d160       0x54 zephyr/kernel/libkernel.a(sched.c.obj)
 .text.add_thread_timeout
                0x000000000800d1b4       0x1c zephyr/kernel/libkernel.a(sched.c.obj)
 .text.move_current_to_end_of_prio_q
                0x000000000800d1d0       0x70 zephyr/kernel/libkernel.a(sched.c.obj)
                0x000000000800d1d0                move_current_to_end_of_prio_q
 .text.z_pend_curr
                0x000000000800d240       0x44 zephyr/kernel/libkernel.a(sched.c.obj)
                0x000000000800d240                z_pend_curr
 .text.z_thread_prio_set
                0x000000000800d284       0xe4 zephyr/kernel/libkernel.a(sched.c.obj)
                0x000000000800d284                z_thread_prio_set
 .text.z_reschedule
                0x000000000800d368       0x24 zephyr/kernel/libkernel.a(sched.c.obj)
                0x000000000800d368                z_reschedule
 .text.z_reschedule_irqlock
                0x000000000800d38c       0x28 zephyr/kernel/libkernel.a(sched.c.obj)
                0x000000000800d38c                z_reschedule_irqlock
 .text.k_sched_lock
                0x000000000800d3b4       0x28 zephyr/kernel/libkernel.a(sched.c.obj)
                0x000000000800d3b4                k_sched_lock
 .text.k_sched_unlock
                0x000000000800d3dc       0x68 zephyr/kernel/libkernel.a(sched.c.obj)
                0x000000000800d3dc                k_sched_unlock
 .text.z_sched_init
                0x000000000800d444       0x10 zephyr/kernel/libkernel.a(sched.c.obj)
                0x000000000800d444                z_sched_init
 .text.z_impl_k_yield
                0x000000000800d454       0x88 zephyr/kernel/libkernel.a(sched.c.obj)
                0x000000000800d454                z_impl_k_yield
 .text.z_tick_sleep
                0x000000000800d4dc       0x78 zephyr/kernel/libkernel.a(sched.c.obj)
 .text.z_impl_k_wakeup
                0x000000000800d554       0x48 zephyr/kernel/libkernel.a(sched.c.obj)
                0x000000000800d554                z_impl_k_wakeup
 .text.z_impl_k_sched_current_thread_query
                0x000000000800d59c        0xc zephyr/kernel/libkernel.a(sched.c.obj)
                0x000000000800d59c                z_impl_k_sched_current_thread_query
 .text.z_thread_abort
                0x000000000800d5a8      0x140 zephyr/kernel/libkernel.a(sched.c.obj)
                0x000000000800d5a8                z_thread_abort
 .text.z_sched_wait
                0x000000000800d6e8       0x24 zephyr/kernel/libkernel.a(sched.c.obj)
                0x000000000800d6e8                z_sched_wait
 .text.slice_timeout
                0x000000000800d70c       0x20 zephyr/kernel/libkernel.a(timeslicing.c.obj)
 .text.thread_is_sliceable
                0x000000000800d72c       0x3c zephyr/kernel/libkernel.a(timeslicing.c.obj)
                0x000000000800d72c                thread_is_sliceable
 .text.z_reset_time_slice
                0x000000000800d768       0x50 zephyr/kernel/libkernel.a(timeslicing.c.obj)
                0x000000000800d768                z_reset_time_slice
 .text.z_time_slice
                0x000000000800d7b8       0x5c zephyr/kernel/libkernel.a(timeslicing.c.obj)
                0x000000000800d7b8                z_time_slice
 .text.first    0x000000000800d814       0x10 zephyr/kernel/libkernel.a(timeout.c.obj)
 .text.elapsed  0x000000000800d824       0x14 zephyr/kernel/libkernel.a(timeout.c.obj)
 .text.remove_timeout
                0x000000000800d838       0x38 zephyr/kernel/libkernel.a(timeout.c.obj)
 .text.z_add_timeout
                0x000000000800d870      0x120 zephyr/kernel/libkernel.a(timeout.c.obj)
                0x000000000800d870                z_add_timeout
 .text.sys_clock_announce
                0x000000000800d990       0xbc zephyr/kernel/libkernel.a(timeout.c.obj)
                0x000000000800d990                sys_clock_announce
 .text.sys_clock_tick_get
                0x000000000800da4c       0x30 zephyr/kernel/libkernel.a(timeout.c.obj)
                0x000000000800da4c                sys_clock_tick_get
 .text.z_timer_expiration_handler
                0x000000000800da7c      0x104 zephyr/kernel/libkernel.a(timer.c.obj)
                0x000000000800da7c                z_timer_expiration_handler
 .text.z_impl_k_timer_start
                0x000000000800db80       0x70 zephyr/kernel/libkernel.a(timer.c.obj)
                0x000000000800db80                z_impl_k_timer_start
 .text.z_thread_alloc_helper
                0x000000000800dbf0       0x4c zephyr/kernel/libkernel.a(mempool.c.obj)
 .text.z_thread_malloc
                0x000000000800dc3c       0x10 zephyr/kernel/libkernel.a(mempool.c.obj)
                0x000000000800dc3c                z_thread_malloc
 .text.boot_banner
                0x000000000800dc4c        0xc zephyr/kernel/libkernel.a(banner.c.obj)
                0x000000000800dc4c                boot_banner
 .text.k_sys_work_q_init
                0x000000000800dc58       0x2c zephyr/kernel/libkernel.a(system_work_q.c.obj)
 .text.snprintf
                0x000000000800dc84       0x54 c:\dev\stm32\zephyr-sdk-0.17.4\arm-zephyr-eabi\bin\../lib/gcc/../../picolibc/arm-zephyr-eabi/lib/thumb/v8-m.main/nofp\libc.a(libc_tinystdio_snprintf.c.o)
                0x000000000800dc84                snprintf
 .text.__l_vfprintf
                0x000000000800dcd8      0x4b4 c:\dev\stm32\zephyr-sdk-0.17.4\arm-zephyr-eabi\bin\../lib/gcc/../../picolibc/arm-zephyr-eabi/lib/thumb/v8-m.main/nofp\libc.a(libc_tinystdio_vflprintf.c.o)
                0x000000000800dcd8                __l_vfprintf
 .text._OffsetAbsSyms
                0x000000000800e18c        0x2 zephyr/CMakeFiles/offsets.dir/./arch/arm/core/offsets/offsets.c.obj
                0x000000000800e18c                _OffsetAbsSyms
 .text.chunk_field
                0x000000000800e18e       0x16 zephyr/libzephyr.a(heap.c.obj)
 .text.chunk_set
                0x000000000800e1a4       0x16 zephyr/libzephyr.a(heap.c.obj)
 .text.chunk_size
                0x000000000800e1ba        0xc zephyr/libzephyr.a(heap.c.obj)
 .text.set_chunk_used
                0x000000000800e1c6       0x30 zephyr/libzephyr.a(heap.c.obj)
 .text.set_chunk_size
                0x000000000800e1f6        0x8 zephyr/libzephyr.a(heap.c.obj)
 .text.mem_to_chunkid
                0x000000000800e1fe       0x14 zephyr/libzephyr.a(heap.c.obj)
 .text.bucket_idx
                0x000000000800e212       0x1e zephyr/libzephyr.a(heap.c.obj)
 .text.free_list_remove_bidx
                0x000000000800e230       0x5c zephyr/libzephyr.a(heap.c.obj)
 .text.free_list_remove
                0x000000000800e28c       0x2e zephyr/libzephyr.a(heap.c.obj)
 .text.alloc_chunk
                0x000000000800e2ba       0x72 zephyr/libzephyr.a(heap.c.obj)
 .text.split_chunks
                0x000000000800e32c       0x4e zephyr/libzephyr.a(heap.c.obj)
 .text.merge_chunks
                0x000000000800e37a       0x3c zephyr/libzephyr.a(heap.c.obj)
 .text.free_list_add
                0x000000000800e3b6       0x84 zephyr/libzephyr.a(heap.c.obj)
 .text.free_chunk
                0x000000000800e43a       0x84 zephyr/libzephyr.a(heap.c.obj)
 .text.sys_heap_free
                0x000000000800e4be       0x24 zephyr/libzephyr.a(heap.c.obj)
                0x000000000800e4be                sys_heap_free
 .text.sys_heap_alloc
                0x000000000800e4e2       0x76 zephyr/libzephyr.a(heap.c.obj)
                0x000000000800e4e2                sys_heap_alloc
 .text.sys_heap_noalign_alloc
                0x000000000800e558        0x6 zephyr/libzephyr.a(heap.c.obj)
                0x000000000800e558                sys_heap_noalign_alloc
 .text.sys_heap_aligned_alloc
                0x000000000800e55e       0xf8 zephyr/libzephyr.a(heap.c.obj)
                0x000000000800e55e                sys_heap_aligned_alloc
 .text.sys_heap_init
                0x000000000800e656       0xb0 zephyr/libzephyr.a(heap.c.obj)
                0x000000000800e656                sys_heap_init
 .text.cbpprintf_external
                0x000000000800e706       0x62 zephyr/libzephyr.a(cbprintf_packaged.c.obj)
                0x000000000800e706                cbpprintf_external
 .text.is_ptr   0x000000000800e768       0x4a zephyr/libzephyr.a(cbprintf_packaged.c.obj)
                0x000000000800e768                is_ptr
 .text.arch_printk_char_out
                0x000000000800e7b2        0x4 zephyr/libzephyr.a(printk.c.obj)
                0x000000000800e7b2                arch_printk_char_out
 .text.printk   0x000000000800e7b6       0x1a zephyr/libzephyr.a(printk.c.obj)
                0x000000000800e7b6                printk
 .text.free_space
                0x000000000800e7d0       0x26 zephyr/libzephyr.a(mpsc_pbuf.c.obj)
 .text.get_usage
                0x000000000800e7f6       0x22 zephyr/libzephyr.a(mpsc_pbuf.c.obj)
 .text.idx_inc  0x000000000800e818       0x1c zephyr/libzephyr.a(mpsc_pbuf.c.obj)
 .text.rd_idx_inc
                0x000000000800e834       0x18 zephyr/libzephyr.a(mpsc_pbuf.c.obj)
 .text.add_skip_item
                0x000000000800e84c       0x3e zephyr/libzephyr.a(mpsc_pbuf.c.obj)
 .text.drop_item_locked
                0x000000000800e88a      0x100 zephyr/libzephyr.a(mpsc_pbuf.c.obj)
 .text.post_drop_action
                0x000000000800e98a       0x36 zephyr/libzephyr.a(mpsc_pbuf.c.obj)
 .text.max_utilization_update
                0x000000000800e9c0       0x1a zephyr/libzephyr.a(mpsc_pbuf.c.obj)
 .text.mpsc_pbuf_init
                0x000000000800e9da       0x42 zephyr/libzephyr.a(mpsc_pbuf.c.obj)
                0x000000000800e9da                mpsc_pbuf_init
 .text.mpsc_pbuf_alloc
                0x000000000800ea1c       0xfe zephyr/libzephyr.a(mpsc_pbuf.c.obj)
                0x000000000800ea1c                mpsc_pbuf_alloc
 .text.mpsc_pbuf_commit
                0x000000000800eb1a       0x3e zephyr/libzephyr.a(mpsc_pbuf.c.obj)
                0x000000000800eb1a                mpsc_pbuf_commit
 .text.mpsc_pbuf_claim
                0x000000000800eb58       0xb6 zephyr/libzephyr.a(mpsc_pbuf.c.obj)
                0x000000000800eb58                mpsc_pbuf_claim
 .text.mpsc_pbuf_free
                0x000000000800ec0e       0x76 zephyr/libzephyr.a(mpsc_pbuf.c.obj)
                0x000000000800ec0e                mpsc_pbuf_free
 .text.mpsc_pbuf_is_pending
                0x000000000800ec84       0x32 zephyr/libzephyr.a(mpsc_pbuf.c.obj)
                0x000000000800ec84                mpsc_pbuf_is_pending
 .text._ConfigAbsSyms
                0x000000000800ecb6        0x2 zephyr/libzephyr.a(configs.c.obj)
                0x000000000800ecb6                _ConfigAbsSyms
 .text.HAL_GetTick
                0x000000000800ecb8       0x10 zephyr/libzephyr.a(stm32cube_hal.c.obj)
                0x000000000800ecb8                HAL_GetTick
 .text.HAL_Delay
                0x000000000800ecc8       0x16 zephyr/libzephyr.a(stm32cube_hal.c.obj)
                0x000000000800ecc8                HAL_Delay
 .text.log_msg_generic_get_wlen
                0x000000000800ecde       0x20 zephyr/libzephyr.a(log_core.c.obj)
 .text.dummy_timestamp
                0x000000000800ecfe        0x4 zephyr/libzephyr.a(log_core.c.obj)
 .text.atomic_inc
                0x000000000800ed02       0x12 zephyr/libzephyr.a(log_core.c.obj)
 .text.default_lf_get_timestamp
                0x000000000800ed14       0x10 zephyr/libzephyr.a(log_core.c.obj)
 .text.z_log_vprintk
                0x000000000800ed24       0x1c zephyr/libzephyr.a(log_core.c.obj)
                0x000000000800ed24                z_log_vprintk
 .text.z_log_notify_drop
                0x000000000800ed40        0x6 zephyr/libzephyr.a(log_core.c.obj)
 .text.z_log_get_tag
                0x000000000800ed46        0x4 zephyr/libzephyr.a(log_core.c.obj)
                0x000000000800ed46                z_log_get_tag
 .text.log_backend_enable
                0x000000000800ed4a       0x12 zephyr/libzephyr.a(log_mgmt.c.obj)
                0x000000000800ed4a                log_backend_enable
 .text.z_cbprintf_cpy
                0x000000000800ed5c       0x2e zephyr/libzephyr.a(log_msg.c.obj)
 .text.z_log_msg_finalize
                0x000000000800ed8a       0x32 zephyr/libzephyr.a(log_msg.c.obj)
                0x000000000800ed8a                z_log_msg_finalize
 .text.z_log_msg_simple_create
                0x000000000800edbc       0x6e zephyr/libzephyr.a(log_msg.c.obj)
 .text.z_impl_z_log_msg_simple_create_0
                0x000000000800ee2a       0x12 zephyr/libzephyr.a(log_msg.c.obj)
                0x000000000800ee2a                z_impl_z_log_msg_simple_create_0
 .text.z_impl_z_log_msg_simple_create_1
                0x000000000800ee3c       0x14 zephyr/libzephyr.a(log_msg.c.obj)
                0x000000000800ee3c                z_impl_z_log_msg_simple_create_1
 .text.z_impl_z_log_msg_simple_create_2
                0x000000000800ee50       0x18 zephyr/libzephyr.a(log_msg.c.obj)
                0x000000000800ee50                z_impl_z_log_msg_simple_create_2
 .text.log_output_write
                0x000000000800ee68       0x1c zephyr/libzephyr.a(log_output.c.obj)
 .text.log_output_flush
                0x000000000800ee84       0x1a zephyr/libzephyr.a(log_output.c.obj)
 .text.out_func
                0x000000000800ee9e       0x2e zephyr/libzephyr.a(log_output.c.obj)
 .text.cr_out_func
                0x000000000800eecc       0x1c zephyr/libzephyr.a(log_output.c.obj)
 .text.log_output_msg_process
                0x000000000800eee8       0x6a zephyr/libzephyr.a(log_output.c.obj)
                0x000000000800eee8                log_output_msg_process
 .text.format_set
                0x000000000800ef52        0xc zephyr/libzephyr.a(log_backend_uart.c.obj)
 .text.log_backend_uart_init
                0x000000000800ef5e        0xc zephyr/libzephyr.a(log_backend_uart.c.obj)
 .text.panic    0x000000000800ef6a       0x32 zephyr/libzephyr.a(log_backend_uart.c.obj)
 .text.dropped  0x000000000800ef9c        0xa zephyr/libzephyr.a(log_backend_uart.c.obj)
 .text.process  0x000000000800efa6       0x1e zephyr/libzephyr.a(log_backend_uart.c.obj)
 .text.disk_access_init
                0x000000000800efc4       0x34 zephyr/libzephyr.a(disk_access.c.obj)
                0x000000000800efc4                disk_access_init
 .text.disk_access_status
                0x000000000800eff8       0x1c zephyr/libzephyr.a(disk_access.c.obj)
                0x000000000800eff8                disk_access_status
 .text.disk_access_read
                0x000000000800f014       0x2e zephyr/libzephyr.a(disk_access.c.obj)
                0x000000000800f014                disk_access_read
 .text.disk_access_write
                0x000000000800f042       0x2e zephyr/libzephyr.a(disk_access.c.obj)
                0x000000000800f042                disk_access_write
 .text.arch_early_memset
                0x000000000800f070        0x4 zephyr/arch/common/libarch__common.a(init.c.obj)
                0x000000000800f070                arch_early_memset
 .text.arch_early_memcpy
                0x000000000800f074        0x4 zephyr/arch/common/libarch__common.a(init.c.obj)
                0x000000000800f074                arch_early_memcpy
 .text.z_do_kernel_oops
                0x000000000800f078        0x8 zephyr/arch/arch/arm/core/libarch__arm__core.a(fatal.c.obj)
                0x000000000800f078                z_do_kernel_oops
 .text.z_arm_nmi
                0x000000000800f080        0xe zephyr/arch/arch/arm/core/libarch__arm__core.a(nmi.c.obj)
                0x000000000800f080                z_arm_nmi
 .text.z_log_msg_simple_create_0.constprop.0
                0x000000000800f08e        0x8 zephyr/arch/arch/arm/core/cortex_m/libarch__arm__core__cortex_m.a(fault.c.obj)
 .text.z_irq_spurious
                0x000000000800f096        0x8 zephyr/arch/arch/arm/core/cortex_m/libarch__arm__core__cortex_m.a(irq_manage.c.obj)
                0x000000000800f096                z_irq_spurious
 .text.configure_builtin_stack_guard
                0x000000000800f09e        0x8 zephyr/arch/arch/arm/core/cortex_m/libarch__arm__core__cortex_m.a(thread.c.obj)
                0x000000000800f09e                configure_builtin_stack_guard
 .text.arch_coprocessors_disable
                0x000000000800f0a6        0x6 zephyr/arch/arch/arm/core/cortex_m/libarch__arm__core__cortex_m.a(thread.c.obj)
                0x000000000800f0a6                arch_coprocessors_disable
 .text.arch_irq_unlock_outlined
                0x000000000800f0ac        0xe zephyr/arch/arch/arm/core/cortex_m/libarch__arm__core__cortex_m.a(thread.c.obj)
                0x000000000800f0ac                arch_irq_unlock_outlined
 .text.arch_cpu_idle
                0x000000000800f0ba       0x1a zephyr/arch/arch/arm/core/cortex_m/libarch__arm__core__cortex_m.a(cpu_idle.c.obj)
                0x000000000800f0ba                arch_cpu_idle
 .text.arm_cmse_mpu_region_get
                0x000000000800f0d4       0x12 zephyr/arch/arch/arm/core/cortex_m/cmse/libarch__arm__core__cortex_m__cmse.a(arm_core_cmse.c.obj)
                0x000000000800f0d4                arm_cmse_mpu_region_get
 .text.mpu_configure_region
                0x000000000800f0e6       0x32 zephyr/arch/arch/arm/core/mpu/libarch__arm__core__mpu.a(arm_mpu.c.obj)
 .text.cbputc   0x000000000800f118        0xc zephyr/lib/libc/picolibc/liblib__libc__picolibc.a(cbprintf.c.obj)
 .text.picolibc_put
                0x000000000800f124        0xa zephyr/lib/libc/picolibc/liblib__libc__picolibc.a(stdio.c.obj)
 .text.fixed_data_unref
                0x000000000800f12e        0x2 zephyr/lib/net_buf/liblib__net_buf.a(buf.c.obj)
 .text.net_buf_alloc_with_data
                0x000000000800f130       0x26 zephyr/lib/net_buf/liblib__net_buf.a(buf.c.obj)
                0x000000000800f130                net_buf_alloc_with_data
 .text.net_buf_frag_insert
                0x000000000800f156       0x16 zephyr/lib/net_buf/liblib__net_buf.a(buf.c.obj)
                0x000000000800f156                net_buf_frag_insert
 .text.net_buf_frag_add
                0x000000000800f16c       0x22 zephyr/lib/net_buf/liblib__net_buf.a(buf.c.obj)
                0x000000000800f16c                net_buf_frag_add
 .text.net_buf_frag_del
                0x000000000800f18e       0x18 zephyr/lib/net_buf/liblib__net_buf.a(buf.c.obj)
                0x000000000800f18e                net_buf_frag_del
 .text.net_buf_simple_init_with_data
                0x000000000800f1a6        0xc zephyr/lib/net_buf/liblib__net_buf.a(buf_simple.c.obj)
                0x000000000800f1a6                net_buf_simple_init_with_data
 .text.net_buf_simple_add
                0x000000000800f1b2        0xc zephyr/lib/net_buf/liblib__net_buf.a(buf_simple.c.obj)
                0x000000000800f1b2                net_buf_simple_add
 .text.net_buf_simple_add_mem
                0x000000000800f1be       0x12 zephyr/lib/net_buf/liblib__net_buf.a(buf_simple.c.obj)
                0x000000000800f1be                net_buf_simple_add_mem
 .text.net_buf_simple_add_u8
                0x000000000800f1d0       0x10 zephyr/lib/net_buf/liblib__net_buf.a(buf_simple.c.obj)
                0x000000000800f1d0                net_buf_simple_add_u8
 .text.net_buf_simple_add_le16
                0x000000000800f1e0       0x14 zephyr/lib/net_buf/liblib__net_buf.a(buf_simple.c.obj)
                0x000000000800f1e0                net_buf_simple_add_le16
 .text.net_buf_simple_remove_mem
                0x000000000800f1f4        0xe zephyr/lib/net_buf/liblib__net_buf.a(buf_simple.c.obj)
                0x000000000800f1f4                net_buf_simple_remove_mem
 .text.net_buf_simple_tailroom
                0x000000000800f202       0x10 zephyr/lib/net_buf/liblib__net_buf.a(buf_simple.c.obj)
                0x000000000800f202                net_buf_simple_tailroom
 .text.fatfs_tell
                0x000000000800f212        0x6 zephyr/subsys/fs/libsubsys__fs.a(fat_fs.c.obj)
 .text.fatfs_stat
                0x000000000800f218       0x3a zephyr/subsys/fs/libsubsys__fs.a(fat_fs.c.obj)
 .text.fatfs_mkdir
                0x000000000800f252       0x10 zephyr/subsys/fs/libsubsys__fs.a(fat_fs.c.obj)
 .text.fatfs_unlink
                0x000000000800f262       0x10 zephyr/subsys/fs/libsubsys__fs.a(fat_fs.c.obj)
 .text.fatfs_rename
                0x000000000800f272       0x2e zephyr/subsys/fs/libsubsys__fs.a(fat_fs.c.obj)
 .text.fatfs_readdir
                0x000000000800f2a0       0x3a zephyr/subsys/fs/libsubsys__fs.a(fat_fs.c.obj)
 .text.fatfs_sync
                0x000000000800f2da       0x10 zephyr/subsys/fs/libsubsys__fs.a(fat_fs.c.obj)
 .text.fatfs_seek
                0x000000000800f2ea       0x38 zephyr/subsys/fs/libsubsys__fs.a(fat_fs.c.obj)
 .text.fatfs_truncate
                0x000000000800f322       0x56 zephyr/subsys/fs/libsubsys__fs.a(fat_fs.c.obj)
 .text.fatfs_write
                0x000000000800f378       0x38 zephyr/subsys/fs/libsubsys__fs.a(fat_fs.c.obj)
 .text.fatfs_read
                0x000000000800f3b0       0x1e zephyr/subsys/fs/libsubsys__fs.a(fat_fs.c.obj)
 .text.fatfs_statvfs
                0x000000000800f3ce       0x38 zephyr/subsys/fs/libsubsys__fs.a(fat_fs.c.obj)
 .text.z_log_msg_simple_create_0
                0x000000000800f406        0x4 zephyr/subsys/usb/device_next/libsubsys__usb__device_next.a(usbd_device.c.obj)
 .text.usbd_device_lock
                0x000000000800f40a        0xe zephyr/subsys/usb/device_next/libsubsys__usb__device_next.a(usbd_device.c.obj)
 .text.k_mutex_unlock.isra.0
                0x000000000800f418        0x4 zephyr/subsys/usb/device_next/libsubsys__usb__device_next.a(usbd_device.c.obj)
 .text.usbd_bus_speed
                0x000000000800f41c        0xa zephyr/subsys/usb/device_next/libsubsys__usb__device_next.a(usbd_device.c.obj)
                0x000000000800f41c                usbd_bus_speed
 .text.usbd_caps_speed
                0x000000000800f426        0xe zephyr/subsys/usb/device_next/libsubsys__usb__device_next.a(usbd_device.c.obj)
                0x000000000800f426                usbd_caps_speed
 .text.usbd_is_suspended
                0x000000000800f434        0xa zephyr/subsys/usb/device_next/libsubsys__usb__device_next.a(usbd_device.c.obj)
                0x000000000800f434                usbd_is_suspended
 .text.usbd_device_get_vreq
                0x000000000800f43e       0x28 zephyr/subsys/usb/device_next/libsubsys__usb__device_next.a(usbd_device.c.obj)
                0x000000000800f43e                usbd_device_get_vreq
 .text.usbd_device_register_vreq
                0x000000000800f466       0x56 zephyr/subsys/usb/device_next/libsubsys__usb__device_next.a(usbd_device.c.obj)
                0x000000000800f466                usbd_device_register_vreq
 .text.usbd_get_descriptor
                0x000000000800f4bc       0x34 zephyr/subsys/usb/device_next/libsubsys__usb__device_next.a(usbd_desc.c.obj)
                0x000000000800f4bc                usbd_get_descriptor
 .text.usbd_add_descriptor
                0x000000000800f4f0      0x11a zephyr/subsys/usb/device_next/libsubsys__usb__device_next.a(usbd_desc.c.obj)
                0x000000000800f4f0                usbd_add_descriptor
 .text.usbd_str_desc_get_idx
                0x000000000800f60a        0xa zephyr/subsys/usb/device_next/libsubsys__usb__device_next.a(usbd_desc.c.obj)
                0x000000000800f60a                usbd_str_desc_get_idx
 .text.reqtype_is_to_host
                0x000000000800f614        0xc zephyr/subsys/usb/device_next/libsubsys__usb__device_next.a(usbd_ch9.c.obj)
 .text.sreq_feature_halt_notify
                0x000000000800f620       0x20 zephyr/subsys/usb/device_next/libsubsys__usb__device_next.a(usbd_ch9.c.obj)
 .text.z_log_msg_simple_create_0
                0x000000000800f640        0x4 zephyr/subsys/usb/device_next/libsubsys__usb__device_next.a(usbd_ch9.c.obj)
 .text.udc_test_mode
                0x000000000800f644       0x40 zephyr/subsys/usb/device_next/libsubsys__usb__device_next.a(usbd_ch9.c.obj)
 .text.udc_set_address
                0x000000000800f684       0x32 zephyr/subsys/usb/device_next/libsubsys__usb__device_next.a(usbd_ch9.c.obj)
 .text.usbd_init_control_pipe
                0x000000000800f6b6        0xc zephyr/subsys/usb/device_next/libsubsys__usb__device_next.a(usbd_ch9.c.obj)
                0x000000000800f6b6                usbd_init_control_pipe
 .text.usbd_ep_bm_is_set.isra.0
                0x000000000800f6c2       0x12 zephyr/subsys/usb/device_next/libsubsys__usb__device_next.a(usbd_init.c.obj)
 .text.z_log_msg_simple_create_0
                0x000000000800f6d4        0x4 zephyr/subsys/usb/device_next/libsubsys__usb__device_next.a(usbd_config.c.obj)
 .text.usbd_device_lock
                0x000000000800f6d8        0xe zephyr/subsys/usb/device_next/libsubsys__usb__device_next.a(usbd_config.c.obj)
 .text.k_mutex_unlock.isra.0
                0x000000000800f6e6        0x4 zephyr/subsys/usb/device_next/libsubsys__usb__device_next.a(usbd_config.c.obj)
 .text.usbd_config_get
                0x000000000800f6ea       0x28 zephyr/subsys/usb/device_next/libsubsys__usb__device_next.a(usbd_config.c.obj)
                0x000000000800f6ea                usbd_config_get
 .text.usbd_config_get_current
                0x000000000800f712       0x28 zephyr/subsys/usb/device_next/libsubsys__usb__device_next.a(usbd_config.c.obj)
                0x000000000800f712                usbd_config_get_current
 .text.usbd_config_exist
                0x000000000800f73a        0xe zephyr/subsys/usb/device_next/libsubsys__usb__device_next.a(usbd_config.c.obj)
                0x000000000800f73a                usbd_config_exist
 .text.is_blocklisted
                0x000000000800f748       0x20 zephyr/subsys/usb/device_next/libsubsys__usb__device_next.a(usbd_class.c.obj)
 .text.usbd_device_lock
                0x000000000800f768        0xe zephyr/subsys/usb/device_next/libsubsys__usb__device_next.a(usbd_class.c.obj)
 .text.usbd_class_desc_len
                0x000000000800f776       0x20 zephyr/subsys/usb/device_next/libsubsys__usb__device_next.a(usbd_class.c.obj)
                0x000000000800f776                usbd_class_desc_len
 .text.usbd_class_get_by_config
                0x000000000800f796       0x20 zephyr/subsys/usb/device_next/libsubsys__usb__device_next.a(usbd_class.c.obj)
                0x000000000800f796                usbd_class_get_by_config
 .text.usbd_class_get_by_iface
                0x000000000800f7b6       0x20 zephyr/subsys/usb/device_next/libsubsys__usb__device_next.a(usbd_class.c.obj)
                0x000000000800f7b6                usbd_class_get_by_iface
 .text.usbd_class_handle_xfer
                0x000000000800f7d6       0x12 zephyr/subsys/usb/device_next/libsubsys__usb__device_next.a(usbd_class.c.obj)
                0x000000000800f7d6                usbd_class_handle_xfer
 .text.usbd_class_get_by_req
                0x000000000800f7e8       0x2e zephyr/subsys/usb/device_next/libsubsys__usb__device_next.a(usbd_class.c.obj)
                0x000000000800f7e8                usbd_class_get_by_req
 .text.usbd_interface_shutdown
                0x000000000800f816       0x54 zephyr/subsys/usb/device_next/libsubsys__usb__device_next.a(usbd_interface.c.obj)
                0x000000000800f816                usbd_interface_shutdown
 .text.usbd_interface_default
                0x000000000800f86a       0x50 zephyr/subsys/usb/device_next/libsubsys__usb__device_next.a(usbd_interface.c.obj)
                0x000000000800f86a                usbd_interface_default
 .text.usbd_ep_bm_clear
                0x000000000800f8ba       0x1c zephyr/subsys/usb/device_next/libsubsys__usb__device_next.a(usbd_endpoint.c.obj)
 .text.usbd_ep_enable
                0x000000000800f8d6       0x38 zephyr/subsys/usb/device_next/libsubsys__usb__device_next.a(usbd_endpoint.c.obj)
                0x000000000800f8d6                usbd_ep_enable
 .text.usbd_ep_disable
                0x000000000800f90e       0x2c zephyr/subsys/usb/device_next/libsubsys__usb__device_next.a(usbd_endpoint.c.obj)
                0x000000000800f90e                usbd_ep_disable
 .text.usbd_ep_enqueue
                0x000000000800f93a       0x30 zephyr/subsys/usb/device_next/libsubsys__usb__device_next.a(usbd_endpoint.c.obj)
                0x000000000800f93a                usbd_ep_enqueue
 .text.usbd_ep_buf_free
                0x000000000800f96a        0x6 zephyr/subsys/usb/device_next/libsubsys__usb__device_next.a(usbd_endpoint.c.obj)
                0x000000000800f96a                usbd_ep_buf_free
 .text.usbd_ep_dequeue
                0x000000000800f970        0x6 zephyr/subsys/usb/device_next/libsubsys__usb__device_next.a(usbd_endpoint.c.obj)
                0x000000000800f970                usbd_ep_dequeue
 .text.usbd_ep_is_halted
                0x000000000800f976       0x16 zephyr/subsys/usb/device_next/libsubsys__usb__device_next.a(usbd_endpoint.c.obj)
                0x000000000800f976                usbd_ep_is_halted
 .text.usbd_msg_pub_simple
                0x000000000800f98c       0x1c zephyr/subsys/usb/device_next/libsubsys__usb__device_next.a(usbd_msg.c.obj)
                0x000000000800f98c                usbd_msg_pub_simple
 .text.msc_alloc_scsi_buf
                0x000000000800f9a8       0x22 zephyr/subsys/usb/device_next/libsubsys__usb__device_next.a(usbd_msc.c.obj)
 .text.msc_bot_get_desc
                0x000000000800f9ca        0xe zephyr/subsys/usb/device_next/libsubsys__usb__device_next.a(usbd_msc.c.obj)
 .text.msc_get_bulk_in
                0x000000000800f9d8       0x16 zephyr/subsys/usb/device_next/libsubsys__usb__device_next.a(usbd_msc.c.obj)
 .text.msc_stall_bulk_in_ep
                0x000000000800f9ee       0x14 zephyr/subsys/usb/device_next/libsubsys__usb__device_next.a(usbd_msc.c.obj)
 .text.msc_get_bulk_out
                0x000000000800fa02       0x18 zephyr/subsys/usb/device_next/libsubsys__usb__device_next.a(usbd_msc.c.obj)
 .text.msc_stall_bulk_out_ep
                0x000000000800fa1a       0x14 zephyr/subsys/usb/device_next/libsubsys__usb__device_next.a(usbd_msc.c.obj)
 .text.clamp_transfer_length
                0x000000000800fa2e       0x30 zephyr/subsys/usb/device_next/libsubsys__usb__device_next.a(usbd_msc.c.obj)
 .text.msc_bot_feature_halt
                0x000000000800fa5e       0x5e zephyr/subsys/usb/device_next/libsubsys__usb__device_next.a(usbd_msc.c.obj)
 .text.msc_stall_and_wait_for_recovery
                0x000000000800fabc       0x3a zephyr/subsys/usb/device_next/libsubsys__usb__device_next.a(usbd_msc.c.obj)
 .text.msc_free_scsi_buf
                0x000000000800faf6       0x20 zephyr/subsys/usb/device_next/libsubsys__usb__device_next.a(usbd_msc.c.obj)
                0x000000000800faf6                msc_free_scsi_buf
 .text.msc_process_read
                0x000000000800fb16       0x82 zephyr/subsys/usb/device_next/libsubsys__usb__device_next.a(usbd_msc.c.obj)
 .text.fill_inquiry
                0x000000000800fb98       0x62 zephyr/subsys/usb/device_next/libsubsys__usb__device_next.a(usbd_msc_scsi.c.obj)
 .text.z_log_msg_static_create.constprop.0
                0x000000000800fbfa        0x6 zephyr/subsys/usb/device_next/libsubsys__usb__device_next.a(usbd_msc_scsi.c.obj)
 .text.scsi_init
                0x000000000800fc00       0x26 zephyr/subsys/usb/device_next/libsubsys__usb__device_next.a(usbd_msc_scsi.c.obj)
                0x000000000800fc00                scsi_init
 .text.scsi_reset
                0x000000000800fc26       0x12 zephyr/subsys/usb/device_next/libsubsys__usb__device_next.a(usbd_msc_scsi.c.obj)
                0x000000000800fc26                scsi_reset
 .text.scsi_cmd_is_data_read
                0x000000000800fc38        0xa zephyr/subsys/usb/device_next/libsubsys__usb__device_next.a(usbd_msc_scsi.c.obj)
                0x000000000800fc38                scsi_cmd_is_data_read
 .text.scsi_cmd_is_data_write
                0x000000000800fc42        0xa zephyr/subsys/usb/device_next/libsubsys__usb__device_next.a(usbd_msc_scsi.c.obj)
                0x000000000800fc42                scsi_cmd_is_data_write
 .text.scsi_cmd_remaining_data_len
                0x000000000800fc4c        0x4 zephyr/subsys/usb/device_next/libsubsys__usb__device_next.a(usbd_msc_scsi.c.obj)
                0x000000000800fc4c                scsi_cmd_remaining_data_len
 .text.scsi_read_data
                0x000000000800fc50       0x22 zephyr/subsys/usb/device_next/libsubsys__usb__device_next.a(usbd_msc_scsi.c.obj)
                0x000000000800fc50                scsi_read_data
 .text.scsi_write_data
                0x000000000800fc72       0x28 zephyr/subsys/usb/device_next/libsubsys__usb__device_next.a(usbd_msc_scsi.c.obj)
                0x000000000800fc72                scsi_write_data
 .text.scsi_cmd_get_status
                0x000000000800fc9a        0x6 zephyr/subsys/usb/device_next/libsubsys__usb__device_next.a(usbd_msc_scsi.c.obj)
                0x000000000800fc9a                scsi_cmd_get_status
 .text.gpio_pin_configure_dt
                0x000000000800fca0       0x3e zephyr/drivers/disk/libdrivers__disk.a(sdmmc_stm32.c.obj)
 .text.stm32_sdmmc_access_status
                0x000000000800fcde        0xa zephyr/drivers/disk/libdrivers__disk.a(sdmmc_stm32.c.obj)
 .text.z_log_msg_simple_create_1
                0x000000000800fce8        0x4 zephyr/drivers/disk/libdrivers__disk.a(sdmmc_stm32.c.obj)
 .text.stm32_sdmmc_cd_callback
                0x000000000800fcec        0x8 zephyr/drivers/disk/libdrivers__disk.a(sdmmc_stm32.c.obj)
 .text.stm32_sdmmc_irq_config_func
                0x000000000800fcf4       0x16 zephyr/drivers/disk/libdrivers__disk.a(sdmmc_stm32.c.obj)
 .text.stm32_sdmmc_isr
                0x000000000800fd0a        0x8 zephyr/drivers/disk/libdrivers__disk.a(sdmmc_stm32.c.obj)
 .text.pinctrl_apply_state
                0x000000000800fd12       0x1e zephyr/drivers/disk/libdrivers__disk.a(sdmmc_stm32.c.obj)
 .text.stm32_sdmmc_pwr_off
                0x000000000800fd30        0xc zephyr/drivers/disk/libdrivers__disk.a(sdmmc_stm32.c.obj)
 .text.gpio_remove_callback.isra.0
                0x000000000800fd3c        0xc zephyr/drivers/disk/libdrivers__disk.a(sdmmc_stm32.c.obj)
 .text.stm32_sdmmc_card_detect_uninit.part.0